###############################################################################
#                                                                             #
# IAR ELF Linker V6.70.2.6274/W32 for ARM               22/Sep/2020  09:55:13 #
# Copyright 2007-2013 IAR Systems AB.                                         #
#                                                                             #
#    Output file  =  ..\Build\AD3_Release\Exe\BHTX_AD3_App.out                #
#    Map file     =  C:/Shure_SVN_repo/Projects/Blackhawk/BH_TX/BHTX_App/bran #
#                    ches/ADX3_DEV_BRANCH/Build/AD3_Release/List/BHTX_AD3_App #
#                    .map                                                     #
#    Command line =  -fCMakeFiles/BHTX_AD3_App.rsp                            #
#                    (CMakeFiles\always-optimized.dir\OpenRTOS\croutine.c.obj #
#                     CMakeFiles\always-optimized.dir\OpenRTOS\event_groups.c #
#                    .obj CMakeFiles\always-optimized.dir\OpenRTOS\list.c.obj #
#                     CMakeFiles\always-optimized.dir\OpenRTOS\portable\IAR\A #
#                    RM_CM3\port.c.obj CMakeFiles\always-optimized.dir\OpenRT #
#                    OS\portable\MemMang\heap_3.c.obj                         #
#                    CMakeFiles\always-optimized.dir\OpenRTOS\queue.c.obj     #
#                    CMakeFiles\always-optimized.dir\OpenRTOS\tasks.c.obj     #
#                    CMakeFiles\always-optimized.dir\OpenRTOS\timers.c.obj    #
#                    CMakeFiles\always-optimized.dir\KSDK\platform\hal\src\wd #
#                    og\fsl_wdog_hal.c.obj CMakeFiles\always-optimized.dir\KS #
#                    DK\platform\drivers\src\wdog\fsl_wdog_driver.c.obj       #
#                    CMakeFiles\always-optimized.dir\KSDK\platform\drivers\sr #
#                    c\wdog\fsl_wdog_common.c.obj                             #
#                    CMakeFiles\always-optimized.dir\KSDK\platform\hal\src\ua #
#                    rt\fsl_uart_hal.c.obj CMakeFiles\always-optimized.dir\KS #
#                    DK\platform\drivers\src\uart\fsl_uart_driver.c.obj       #
#                    CMakeFiles\always-optimized.dir\KSDK\platform\drivers\sr #
#                    c\uart\fsl_uart_common.c.obj                             #
#                    CMakeFiles\always-optimized.dir\KSDK\platform\hal\src\sm #
#                    c\fsl_smc_hal.c.obj CMakeFiles\always-optimized.dir\KSDK #
#                    \platform\hal\src\sim\MKW21D5\fsl_sim_hal_MKW21D5.c.obj  #
#                    CMakeFiles\always-optimized.dir\KSDK\platform\hal\src\sa #
#                    i\fsl_sai_hal.c.obj CMakeFiles\always-optimized.dir\KSDK #
#                    \platform\drivers\src\sai\fsl_sai_driver.c.obj           #
#                    CMakeFiles\always-optimized.dir\KSDK\platform\drivers\sr #
#                    c\sai\fsl_sai_common.c.obj CMakeFiles\always-optimized.d #
#                    ir\KSDK\platform\hal\src\rtc\fsl_rtc_hal.c.obj           #
#                    CMakeFiles\always-optimized.dir\KSDK\platform\drivers\sr #
#                    c\rtc\fsl_rtc_driver.c.obj CMakeFiles\always-optimized.d #
#                    ir\KSDK\platform\drivers\src\rtc\fsl_rtc_common.c.obj    #
#                    CMakeFiles\always-optimized.dir\KSDK\platform\hal\src\rn #
#                    ga\fsl_rnga_hal.c.obj CMakeFiles\always-optimized.dir\KS #
#                    DK\platform\drivers\src\rnga\fsl_rnga_driver.c.obj       #
#                    CMakeFiles\always-optimized.dir\KSDK\platform\drivers\sr #
#                    c\rnga\fsl_rnga_common.c.obj                             #
#                    CMakeFiles\always-optimized.dir\KSDK\platform\hal\src\rc #
#                    m\fsl_rcm_hal.c.obj CMakeFiles\always-optimized.dir\KSDK #
#                    \platform\system\src\power\fsl_power_manager.c.obj       #
#                    CMakeFiles\always-optimized.dir\KSDK\platform\hal\src\po #
#                    rt\fsl_port_hal.c.obj CMakeFiles\always-optimized.dir\KS #
#                    DK\platform\hal\src\pit\fsl_pit_hal.c.obj                #
#                    CMakeFiles\always-optimized.dir\KSDK\platform\drivers\sr #
#                    c\pit\fsl_pit_irq.c.obj CMakeFiles\always-optimized.dir\ #
#                    KSDK\platform\drivers\src\pit\fsl_pit_driver.c.obj       #
#                    CMakeFiles\always-optimized.dir\KSDK\platform\drivers\sr #
#                    c\pit\fsl_pit_common.c.obj CMakeFiles\always-optimized.d #
#                    ir\KSDK\platform\hal\src\pdb\fsl_pdb_hal.c.obj           #
#                    CMakeFiles\always-optimized.dir\KSDK\platform\drivers\sr #
#                    c\pdb\fsl_pdb_driver.c.obj CMakeFiles\always-optimized.d #
#                    ir\KSDK\platform\drivers\src\pdb\fsl_pdb_common.c.obj    #
#                    CMakeFiles\always-optimized.dir\KSDK\platform\hal\src\os #
#                    c\fsl_osc_hal.c.obj CMakeFiles\always-optimized.dir\KSDK #
#                    \platform\hal\src\mcg\fsl_mcg_hal_modes.c.obj            #
#                    CMakeFiles\always-optimized.dir\KSDK\platform\hal\src\mc #
#                    g\fsl_mcg_hal.c.obj CMakeFiles\always-optimized.dir\KSDK #
#                    \platform\hal\src\lptmr\fsl_lptmr_hal.c.obj              #
#                    CMakeFiles\always-optimized.dir\KSDK\platform\drivers\sr #
#                    c\lptmr\fsl_lptmr_driver.c.obj                           #
#                    CMakeFiles\always-optimized.dir\KSDK\platform\drivers\sr #
#                    c\lptmr\fsl_lptmr_common.c.obj                           #
#                    CMakeFiles\always-optimized.dir\KSDK\platform\hal\src\ll #
#                    wu\fsl_llwu_hal.c.obj CMakeFiles\always-optimized.dir\KS #
#                    DK\platform\system\src\interrupt\fsl_interrupt_manager.c #
#                    .obj CMakeFiles\always-optimized.dir\KSDK\platform\hal\s #
#                    rc\i2c\fsl_i2c_hal.c.obj CMakeFiles\always-optimized.dir #
#                    \KSDK\platform\drivers\src\i2c\fsl_i2c_shared_function.c #
#                    .obj CMakeFiles\always-optimized.dir\KSDK\platform\drive #
#                    rs\src\i2c\fsl_i2c_common.c.obj                          #
#                    CMakeFiles\always-optimized.dir\KSDK\platform\drivers\sr #
#                    c\i2c\fsl_i2c_slave_driver.c.obj                         #
#                    CMakeFiles\always-optimized.dir\KSDK\platform\drivers\sr #
#                    c\i2c\fsl_i2c_master_driver.c.obj                        #
#                    CMakeFiles\always-optimized.dir\KSDK\platform\system\src #
#                    \hwtimer\fsl_hwtimer_systick.c.obj                       #
#                    CMakeFiles\always-optimized.dir\KSDK\platform\system\src #
#                    \hwtimer\fsl_hwtimer_pit.c.obj                           #
#                    CMakeFiles\always-optimized.dir\KSDK\platform\system\src #
#                    \hwtimer\fsl_hwtimer.c.obj CMakeFiles\always-optimized.d #
#                    ir\KSDK\platform\hal\src\gpio\fsl_gpio_hal.c.obj         #
#                    CMakeFiles\always-optimized.dir\KSDK\platform\drivers\sr #
#                    c\gpio\fsl_gpio_driver.c.obj                             #
#                    CMakeFiles\always-optimized.dir\KSDK\platform\drivers\sr #
#                    c\gpio\fsl_gpio_common.c.obj                             #
#                    CMakeFiles\always-optimized.dir\KSDK\platform\hal\src\ft #
#                    m\fsl_ftm_hal.c.obj CMakeFiles\always-optimized.dir\KSDK #
#                    \platform\drivers\src\ftm\fsl_ftm_driver.c.obj           #
#                    CMakeFiles\always-optimized.dir\KSDK\platform\drivers\sr #
#                    c\ftm\fsl_ftm_common.c.obj CMakeFiles\always-optimized.d #
#                    ir\KSDK\platform\hal\src\ewm\fsl_ewm_hal.c.obj           #
#                    CMakeFiles\always-optimized.dir\KSDK\platform\drivers\sr #
#                    c\ewm\fsl_ewm_driver.c.obj CMakeFiles\always-optimized.d #
#                    ir\KSDK\platform\drivers\src\ewm\fsl_ewm_common.c.obj    #
#                    CMakeFiles\always-optimized.dir\KSDK\platform\hal\src\ed #
#                    ma\fsl_edma_hal.c.obj CMakeFiles\always-optimized.dir\KS #
#                    DK\platform\drivers\src\edma\fsl_edma_driver.c.obj       #
#                    CMakeFiles\always-optimized.dir\KSDK\platform\drivers\sr #
#                    c\edma\fsl_edma_common.c.obj                             #
#                    CMakeFiles\always-optimized.dir\KSDK\platform\hal\src\ds #
#                    pi\fsl_dspi_hal.c.obj CMakeFiles\always-optimized.dir\KS #
#                    DK\platform\drivers\src\dspi\fsl_dspi_shared_function.c. #
#                    obj CMakeFiles\always-optimized.dir\KSDK\platform\driver #
#                    s\src\dspi\fsl_dspi_edma_shared_function.c.obj           #
#                    CMakeFiles\always-optimized.dir\KSDK\platform\drivers\sr #
#                    c\dspi\fsl_dspi_common.c.obj                             #
#                    CMakeFiles\always-optimized.dir\KSDK\platform\drivers\sr #
#                    c\dspi\fsl_dspi_slave_driver.c.obj                       #
#                    CMakeFiles\always-optimized.dir\KSDK\platform\drivers\sr #
#                    c\dspi\fsl_dspi_edma_slave_driver.c.obj                  #
#                    CMakeFiles\always-optimized.dir\KSDK\platform\drivers\sr #
#                    c\dspi\fsl_dspi_master_driver.c.obj                      #
#                    CMakeFiles\always-optimized.dir\KSDK\platform\drivers\sr #
#                    c\dspi\fsl_dspi_edma_master_driver.c.obj                 #
#                    CMakeFiles\always-optimized.dir\KSDK\platform\hal\src\dm #
#                    amux\fsl_dmamux_hal.c.obj CMakeFiles\always-optimized.di #
#                    r\KSDK\platform\hal\src\crc\fsl_crc_hal.c.obj            #
#                    CMakeFiles\always-optimized.dir\KSDK\platform\drivers\sr #
#                    c\crc\fsl_crc_driver.c.obj CMakeFiles\always-optimized.d #
#                    ir\KSDK\platform\drivers\src\crc\fsl_crc_common.c.obj    #
#                    CMakeFiles\always-optimized.dir\KSDK\platform\hal\src\cm #
#                    p\fsl_cmp_hal.c.obj CMakeFiles\always-optimized.dir\KSDK #
#                    \platform\drivers\src\cmp\fsl_cmp_driver.c.obj           #
#                    CMakeFiles\always-optimized.dir\KSDK\platform\drivers\sr #
#                    c\cmp\fsl_cmp_common.c.obj CMakeFiles\always-optimized.d #
#                    ir\KSDK\platform\system\src\clock\MKW21D5\fsl_clock_MKW2 #
#                    1D5.c.obj CMakeFiles\always-optimized.dir\KSDK\platform\ #
#                    system\src\clock\fsl_clock_manager_common.c.obj          #
#                    CMakeFiles\always-optimized.dir\KSDK\platform\system\src #
#                    \clock\fsl_clock_manager.c.obj                           #
#                    CMakeFiles\always-optimized.dir\KSDK\platform\hal\src\ad #
#                    c16\fsl_adc16_hal.c.obj CMakeFiles\always-optimized.dir\ #
#                    KSDK\platform\drivers\src\adc16\fsl_adc16_driver.c.obj   #
#                    CMakeFiles\always-optimized.dir\KSDK\platform\drivers\sr #
#                    c\adc16\fsl_adc16_common.c.obj                           #
#                    CMakeFiles\always-optimized.dir\KSDK\platform\osa\src\fs #
#                    l_os_abstraction_free_rtos.c.obj                         #
#                    CMakeFiles\asm.dir\Application\BSP\kw20Platform\hardfaul #
#                    t_handler.s.obj CMakeFiles\asm.dir\OpenRTOS\portable\IAR #
#                    \ARM_CM3\portasm.s.obj CMakeFiles\BHTX_AD3_App.dir\Appli #
#                    cation\AppMain\AppMain.cpp.obj                           #
#                    CMakeFiles\BHTX_AD3_App.dir\Application\AppMain\sharedGe #
#                    neric\AppVersion.c.obj CMakeFiles\BHTX_AD3_App.dir\Appli #
#                    cation\AppMain\sharedGeneric\SubSystemStarter.cpp.obj    #
#                    CMakeFiles\BHTX_AD3_App.dir\Application\AudioMgmt\AmsCli #
#                    Cmds.cpp.obj CMakeFiles\BHTX_AD3_App.dir\Application\Aud #
#                    ioMgmt\AudioController.cpp.obj                           #
#                    CMakeFiles\BHTX_AD3_App.dir\Application\AudioMgmt\PlugOn #
#                    AudioController.cpp.obj CMakeFiles\BHTX_AD3_App.dir\Appl #
#                    ication\AudioMgmt\AudioMgmtSubsystem.cpp.obj             #
#                    CMakeFiles\BHTX_AD3_App.dir\Application\AudioMgmt\Encryp #
#                    tionController.cpp.obj CMakeFiles\BHTX_AD3_App.dir\Appli #
#                    cation\BSP\Adc16.cpp.obj CMakeFiles\BHTX_AD3_App.dir\App #
#                    lication\BSP\BootloaderUpdater.cpp.obj                   #
#                    CMakeFiles\BHTX_AD3_App.dir\Application\BSP\BQ24250.cpp. #
#                    obj CMakeFiles\BHTX_AD3_App.dir\Application\BSP\BspCliCm #
#                    ds.cpp.obj CMakeFiles\BHTX_AD3_App.dir\Application\BSP\B #
#                    spSpiDevices.cpp.obj CMakeFiles\BHTX_AD3_App.dir\Applica #
#                    tion\BSP\BspSubSys.cpp.obj CMakeFiles\BHTX_AD3_App.dir\A #
#                    pplication\BSP\BspSubSysRf.cpp.obj                       #
#                    CMakeFiles\BHTX_AD3_App.dir\Application\BSP\CliButtonMsg #
#                    Printer.cpp.obj CMakeFiles\BHTX_AD3_App.dir\Application\ #
#                    BSP\ConcurrentDelayTimer.cpp.obj                         #
#                    CMakeFiles\BHTX_AD3_App.dir\Application\BSP\ConstFileIOC #
#                    onfig.cpp.obj CMakeFiles\BHTX_AD3_App.dir\Application\BS #
#                    P\Densitron95A12311.cpp.obj                              #
#                    CMakeFiles\BHTX_AD3_App.dir\Application\BSP\DensitronDD6 #
#                    448BE3A.cpp.obj CMakeFiles\BHTX_AD3_App.dir\Application\ #
#                    BSP\DensitronDD9664WE3A.cpp.obj                          #
#                    CMakeFiles\BHTX_AD3_App.dir\Application\BSP\DtcPe64101.c #
#                    pp.obj CMakeFiles\BHTX_AD3_App.dir\Application\BSP\Fpga. #
#                    cpp.obj CMakeFiles\BHTX_AD3_App.dir\Application\BSP\Fpga #
#                    EsdMonitor.cpp.obj CMakeFiles\BHTX_AD3_App.dir\Applicati #
#                    on\BSP\FpgaHdq.cpp.obj CMakeFiles\BHTX_AD3_App.dir\Appli #
#                    cation\BSP\FpgaInterruptController.cpp.obj               #
#                    CMakeFiles\BHTX_AD3_App.dir\Application\BSP\FpgaUserEven #
#                    tPublisher.cpp.obj CMakeFiles\BHTX_AD3_App.dir\Applicati #
#                    on\BSP\kw20Platform\FlashMemoryModule.cpp.obj            #
#                    CMakeFiles\BHTX_AD3_App.dir\Application\BSP\kw20Platform #
#                    \HardFaultRegDump.cpp.obj CMakeFiles\BHTX_AD3_App.dir\Ap #
#                    plication\BSP\kw20Platform\Spi.cpp.obj                   #
#                    CMakeFiles\BHTX_AD3_App.dir\Application\BSP\kw20Platform #
#                    \Uart.cpp.obj CMakeFiles\BHTX_AD3_App.dir\Application\BS #
#                    P\kw20Platform\vectors.c.obj                             #
#                    CMakeFiles\BHTX_AD3_App.dir\Application\BSP\PcbaInfo.cpp #
#                    .obj CMakeFiles\BHTX_AD3_App.dir\Application\BSP\Perform #
#                    anceTimer.cpp.obj CMakeFiles\BHTX_AD3_App.dir\Applicatio #
#                    n\BSP\PushButton.cpp.obj CMakeFiles\BHTX_AD3_App.dir\App #
#                    lication\BSP\RfAttenDat15.cpp.obj                        #
#                    CMakeFiles\BHTX_AD3_App.dir\Application\BSP\RockstarUpda #
#                    te.cpp.obj CMakeFiles\BHTX_AD3_App.dir\Application\BSP\S #
#                    erialFpga.cpp.obj CMakeFiles\BHTX_AD3_App.dir\Applicatio #
#                    n\BSP\SSD1305.cpp.obj CMakeFiles\BHTX_AD3_App.dir\Applic #
#                    ation\BSP\sharedCrc16\Crc16.c.obj                        #
#                    CMakeFiles\BHTX_AD3_App.dir\Application\BSP\sharedCrc16\ #
#                    Crc16IcPacket.c.obj CMakeFiles\BHTX_AD3_App.dir\Applicat #
#                    ion\BSP\sharedCrc16\Reduced\Crc16SerialProtocol.cpp.obj  #
#                    CMakeFiles\BHTX_AD3_App.dir\Application\BSP\sharedCrc16\ #
#                    Reduced\Crc16SerialReceiveTask.cpp.obj                   #
#                    CMakeFiles\BHTX_AD3_App.dir\Application\BSP\sharedCrc16\ #
#                    Reduced\Crc16SerialSendTask.cpp.obj                      #
#                    CMakeFiles\BHTX_AD3_App.dir\Application\BSP\sharedGeneri #
#                    c\EepromM95080.cpp.obj CMakeFiles\BHTX_AD3_App.dir\Appli #
#                    cation\BSP\sharedGeneric\Nt75451Lcd.cpp.obj              #
#                    CMakeFiles\BHTX_AD3_App.dir\Application\BSP\sharedPortab #
#                    les\BQ27541.cpp.obj CMakeFiles\BHTX_AD3_App.dir\Applicat #
#                    ion\BSP\sharedPortables\ConstFileIO.cpp.obj              #
#                    CMakeFiles\BHTX_AD3_App.dir\Application\BSP\sharedPortab #
#                    les\FileUtils.cpp.obj CMakeFiles\BHTX_AD3_App.dir\Applic #
#                    ation\BSP\sharedPortables\HDQ.cpp.obj                    #
#                    CMakeFiles\BHTX_AD3_App.dir\Application\BSP\SN27742.cpp. #
#                    obj CMakeFiles\BHTX_AD3_App.dir\Application\BSP\SSD1306. #
#                    cpp.obj CMakeFiles\BHTX_AD3_App.dir\Application\BSP\sysL #
#                    ib\sysLib.c.obj CMakeFiles\BHTX_AD3_App.dir\Application\ #
#                    BSP\ToggleSwitch.cpp.obj CMakeFiles\BHTX_AD3_App.dir\App #
#                    lication\BSP\txShared\BspVPrintf.cpp.obj                 #
#                    CMakeFiles\BHTX_AD3_App.dir\Application\BSP\txShared\Dis #
#                    kIO.cpp.obj CMakeFiles\BHTX_AD3_App.dir\Application\BSP\ #
#                    txShared\FlashLoader.cpp.obj                             #
#                    CMakeFiles\BHTX_AD3_App.dir\Application\BSP\txShared\Mic #
#                    ronN25QSpiFlash.cpp.obj CMakeFiles\BHTX_AD3_App.dir\Appl #
#                    ication\BSP\txShared\PhysicalUart.cpp.obj                #
#                    CMakeFiles\BHTX_AD3_App.dir\Application\BSP\txShared\Spi #
#                    0Device.cpp.obj CMakeFiles\BHTX_AD3_App.dir\Application\ #
#                    BSP\UserEvent.cpp.obj CMakeFiles\BHTX_AD3_App.dir\Applic #
#                    ation\CLI\CliSubsys.cpp.obj                              #
#                    CMakeFiles\BHTX_AD3_App.dir\Application\CLI\Crc16CliSess #
#                    ion.cpp.obj CMakeFiles\BHTX_AD3_App.dir\Application\CLI\ #
#                    sharedGeneric\CliCommand.cpp.obj                         #
#                    CMakeFiles\BHTX_AD3_App.dir\Application\CLI\sharedGeneri #
#                    c\CliHandleBase.cpp.obj CMakeFiles\BHTX_AD3_App.dir\Appl #
#                    ication\CLI\sharedGeneric\CliHistory.cpp.obj             #
#                    CMakeFiles\BHTX_AD3_App.dir\Application\CLI\sharedGeneri #
#                    c\CliMemory.cpp.obj CMakeFiles\BHTX_AD3_App.dir\Applicat #
#                    ion\CLI\sharedGeneric\CliMisc.cpp.obj                    #
#                    CMakeFiles\BHTX_AD3_App.dir\Application\CLI\sharedGeneri #
#                    c\CliOpenRTOS.cpp.obj CMakeFiles\BHTX_AD3_App.dir\Applic #
#                    ation\CLI\sharedGeneric\CliPeekPokePuke.cpp.obj          #
#                    CMakeFiles\BHTX_AD3_App.dir\Application\CLI\sharedGeneri #
#                    c\CliSerialPullInput.cpp.obj                             #
#                    CMakeFiles\BHTX_AD3_App.dir\Application\CLI\sharedGeneri #
#                    c\CliUser.cpp.obj CMakeFiles\BHTX_AD3_App.dir\Applicatio #
#                    n\CLI\sharedGeneric\CliUserRegistry.cpp.obj              #
#                    CMakeFiles\BHTX_AD3_App.dir\Application\CLI\sharedGeneri #
#                    c\ICliHandleStrings.cpp.obj                              #
#                    CMakeFiles\BHTX_AD3_App.dir\Application\CLI\sharedGeneri #
#                    c\IrCliController.cpp.obj CMakeFiles\BHTX_AD3_App.dir\Ap #
#                    plication\CLI\UartHandle.cpp.obj                         #
#                    CMakeFiles\BHTX_AD3_App.dir\Application\Common\sharedPor #
#                    tables\ci_string.cpp.obj CMakeFiles\BHTX_AD3_App.dir\App #
#                    lication\Common\sharedPortables\FixedPoint.cpp.obj       #
#                    CMakeFiles\BHTX_AD3_App.dir\Application\Common\sharedPor #
#                    tables\HsmTrace.cpp.obj CMakeFiles\BHTX_AD3_App.dir\Appl #
#                    ication\Common\sharedPortables\Timeout.cpp.obj           #
#                    CMakeFiles\BHTX_AD3_App.dir\Application\Data\DataCliCmds #
#                    .cpp.obj CMakeFiles\BHTX_AD3_App.dir\Application\Data\Da #
#                    taSubsys.cpp.obj CMakeFiles\BHTX_AD3_App.dir\Application #
#                    \Data\EventLog.cpp.obj CMakeFiles\BHTX_AD3_App.dir\Appli #
#                    cation\Data\GenericDataController.cpp.obj                #
#                    CMakeFiles\BHTX_AD3_App.dir\Application\Data\ModelContro #
#                    ller.cpp.obj CMakeFiles\BHTX_AD3_App.dir\Application\Dat #
#                    a\NvApp.cpp.obj CMakeFiles\BHTX_AD3_App.dir\Application\ #
#                    Data\NvMfr.cpp.obj CMakeFiles\BHTX_AD3_App.dir\Applicati #
#                    on\Data\txShared\NvBoot.cpp.obj                          #
#                    CMakeFiles\BHTX_AD3_App.dir\Application\DmpAddressDefini #
#                    tions\sharedGeneric\DmpAddrUtility.c.obj                 #
#                    CMakeFiles\BHTX_AD3_App.dir\Application\DmpAddressDefini #
#                    tions\sharedGeneric\DmpAddrUtilityCustomGroup.c.obj      #
#                    CMakeFiles\BHTX_AD3_App.dir\Application\EventSrvr\shared #
#                    Generic\EventServer.cpp.obj                              #
#                    CMakeFiles\BHTX_AD3_App.dir\Application\EventSrvr\shared #
#                    Generic\EventServerSubsystem.cpp.obj                     #
#                    CMakeFiles\BHTX_AD3_App.dir\Application\EventSrvr\shared #
#                    Generic\EventSubscriber.cpp.obj                          #
#                    CMakeFiles\BHTX_AD3_App.dir\Application\EventSrvr\shared #
#                    Generic\SystemEvent.cpp.obj                              #
#                    CMakeFiles\BHTX_AD3_App.dir\Application\FMS\BandLimitCon #
#                    troller.cpp.obj CMakeFiles\BHTX_AD3_App.dir\Application\ #
#                    FMS\CustomGroupController.cpp.obj                        #
#                    CMakeFiles\BHTX_AD3_App.dir\Application\FMS\FdCGroupMana #
#                    ger.cpp.obj CMakeFiles\BHTX_AD3_App.dir\Application\FMS\ #
#                    FmsCliCmds.cpp.obj CMakeFiles\BHTX_AD3_App.dir\Applicati #
#                    on\FMS\FreqBandController.cpp.obj                        #
#                    CMakeFiles\BHTX_AD3_App.dir\Application\FMS\FreqBandRegi #
#                    stry.cpp.obj CMakeFiles\BHTX_AD3_App.dir\Application\FMS #
#                    \FreqManagementSubsystem.cpp.obj                         #
#                    CMakeFiles\BHTX_AD3_App.dir\Application\FMS\FreqManager. #
#                    cpp.obj CMakeFiles\BHTX_AD3_App.dir\Application\FMS\Freq #
#                    uencyIteration.cpp.obj CMakeFiles\BHTX_AD3_App.dir\Appli #
#                    cation\FMS\GroupManager.cpp.obj                          #
#                    CMakeFiles\BHTX_AD3_App.dir\Application\FMS\GroupManager #
#                    CommonTx.cpp.obj CMakeFiles\BHTX_AD3_App.dir\Application #
#                    \FMS\PowerRules.cpp.obj CMakeFiles\BHTX_AD3_App.dir\Appl #
#                    ication\FMS\RfPowerController.cpp.obj                    #
#                    CMakeFiles\BHTX_AD3_App.dir\Application\FMS\RfPowerState #
#                    .cpp.obj CMakeFiles\BHTX_AD3_App.dir\Application\FreeRTO #
#                    SImpl\assert.cpp.obj CMakeFiles\BHTX_AD3_App.dir\Applica #
#                    tion\FreeRTOSImpl\shared\ActiveMethod.cpp.obj            #
#                    CMakeFiles\BHTX_AD3_App.dir\Application\FreeRTOSImpl\sha #
#                    red\ActiveObject.cpp.obj CMakeFiles\BHTX_AD3_App.dir\App #
#                    lication\FreeRTOSImpl\shared\ActiveQueue.cpp.obj         #
#                    CMakeFiles\BHTX_AD3_App.dir\Application\FreeRTOSImpl\sha #
#                    red\BinarySemaphore.cpp.obj                              #
#                    CMakeFiles\BHTX_AD3_App.dir\Application\FreeRTOSImpl\sha #
#                    red\BufferPool.cpp.obj CMakeFiles\BHTX_AD3_App.dir\Appli #
#                    cation\FreeRTOSImpl\shared\MsgQueue.cpp.obj              #
#                    CMakeFiles\BHTX_AD3_App.dir\Application\FreeRTOSImpl\sha #
#                    red\Mutex.cpp.obj CMakeFiles\BHTX_AD3_App.dir\Applicatio #
#                    n\FreeRTOSImpl\shared\PeriodicObject.cpp.obj             #
#                    CMakeFiles\BHTX_AD3_App.dir\Application\FreeRTOSImpl\sha #
#                    red\PeriodicSharedTask.cpp.obj                           #
#                    CMakeFiles\BHTX_AD3_App.dir\Application\FreeRTOSImpl\sha #
#                    red\Semaphore.cpp.obj CMakeFiles\BHTX_AD3_App.dir\Applic #
#                    ation\FreeRTOSImpl\shared\Task.cpp.obj                   #
#                    CMakeFiles\BHTX_AD3_App.dir\Application\FreeRTOSImpl\sha #
#                    red\Time.cpp.obj CMakeFiles\BHTX_AD3_App.dir\Application #
#                    \FreeRTOSImpl\shared\Timer.cpp.obj                       #
#                    CMakeFiles\BHTX_AD3_App.dir\Application\FwUpdate\AppFwUp #
#                    dController.cpp.obj CMakeFiles\BHTX_AD3_App.dir\Applicat #
#                    ion\FwUpdate\BootloaderFileHandler.cpp.obj               #
#                    CMakeFiles\BHTX_AD3_App.dir\Application\FwUpdate\Crc16Sf #
#                    dHandler.cpp.obj CMakeFiles\BHTX_AD3_App.dir\Application #
#                    \FwUpdate\FpgaFwUpdController.cpp.obj                    #
#                    CMakeFiles\BHTX_AD3_App.dir\Application\FwUpdate\FreqTab #
#                    leFwUpdate.cpp.obj CMakeFiles\BHTX_AD3_App.dir\Applicati #
#                    on\FwUpdate\FwUpdateCliCmds.cpp.obj                      #
#                    CMakeFiles\BHTX_AD3_App.dir\Application\FwUpdate\FwUpdat #
#                    eSubsys.cpp.obj CMakeFiles\BHTX_AD3_App.dir\Application\ #
#                    FwUpdate\GoldenFpgaFileHandler.cpp.obj                   #
#                    CMakeFiles\BHTX_AD3_App.dir\Application\FwUpdate\Package #
#                    Controller.cpp.obj CMakeFiles\BHTX_AD3_App.dir\Applicati #
#                    on\FwUpdate\sharedPortables\FwPkgFileHandler.cpp.obj     #
#                    CMakeFiles\BHTX_AD3_App.dir\Application\FwUpdate\sharedP #
#                    ortables\FwUpdPkgController.cpp.obj                      #
#                    CMakeFiles\BHTX_AD3_App.dir\Application\FwUpdate\sharedP #
#                    ortables\ManifestHandler.cpp.obj                         #
#                    CMakeFiles\BHTX_AD3_App.dir\Application\FwUpdate\sharedP #
#                    ortables\NullPackageFileHandler.cpp.obj                  #
#                    CMakeFiles\BHTX_AD3_App.dir\Application\FwUpdate\sharedP #
#                    ortables\PkgManifestXmlReader.cpp.obj                    #
#                    CMakeFiles\BHTX_AD3_App.dir\Application\FwUpdate\sharedP #
#                    ortables\SfdFileReceiver.cpp.obj                         #
#                    CMakeFiles\BHTX_AD3_App.dir\Application\FwUpdate\sharedP #
#                    ortables\StandardSfdFileHandler.cpp.obj                  #
#                    CMakeFiles\BHTX_AD3_App.dir\Application\FwUpdate\sharedP #
#                    ortables\XmlAttribute.cpp.obj                            #
#                    CMakeFiles\BHTX_AD3_App.dir\Application\FwUpdate\sharedP #
#                    ortables\XmlNode.cpp.obj CMakeFiles\BHTX_AD3_App.dir\App #
#                    lication\FwUpdate\sharedPortables\XmlParser.cpp.obj      #
#                    CMakeFiles\BHTX_AD3_App.dir\Application\FwUpdate\sharedS #
#                    fd\Client\SimpleFileDownloadClient.cpp.obj               #
#                    CMakeFiles\BHTX_AD3_App.dir\Application\LinkedDev\Linked #
#                    DevManager.cpp.obj CMakeFiles\BHTX_AD3_App.dir\Applicati #
#                    on\LinkedDev\LinkedDevSubsystem.cpp.obj                  #
#                    CMakeFiles\BHTX_AD3_App.dir\Application\Log\shared\LogMe #
#                    ssages.cpp.obj CMakeFiles\BHTX_AD3_App.dir\Application\L #
#                    og\shared\LogSubsys.cpp.obj                              #
#                    CMakeFiles\BHTX_AD3_App.dir\Application\Log\shared\LogTa #
#                    sk.cpp.obj CMakeFiles\BHTX_AD3_App.dir\Application\Log\t #
#                    xShared\LogSubsysImpl.cpp.obj                            #
#                    CMakeFiles\BHTX_AD3_App.dir\Application\Network\CID.cpp. #
#                    obj CMakeFiles\BHTX_AD3_App.dir\Application\Network\DMPA #
#                    ddress.cpp.obj CMakeFiles\BHTX_AD3_App.dir\Application\N #
#                    etwork\DeviceSubscriptionList.cpp.obj                    #
#                    CMakeFiles\BHTX_AD3_App.dir\Application\Network\acn_comp #
#                    onent\DeviceId.cpp.obj CMakeFiles\BHTX_AD3_App.dir\Appli #
#                    cation\Network\NetworkCliCommands.cpp.obj                #
#                    CMakeFiles\BHTX_AD3_App.dir\Application\Network\NetworkS #
#                    ubSys.cpp.obj CMakeFiles\BHTX_AD3_App.dir\Application\Ne #
#                    twork\sharedGeneric\DmpParser.cpp.obj                    #
#                    CMakeFiles\BHTX_AD3_App.dir\Application\Network\Showlink #
#                    Controller.cpp.obj CMakeFiles\BHTX_AD3_App.dir\Applicati #
#                    on\Network\ShowlinkEventSubscriber.cpp.obj               #
#                    CMakeFiles\BHTX_AD3_App.dir\Application\Network\ShureDev #
#                    iceId.cpp.obj CMakeFiles\BHTX_AD3_App.dir\Application\Ne #
#                    twork\TalkSwitch.cpp.obj CMakeFiles\BHTX_AD3_App.dir\App #
#                    lication\Network\TalkSwitchPowerEventHandler.cpp.obj     #
#                    CMakeFiles\BHTX_AD3_App.dir\Application\Network\TalkSwit #
#                    chPowerSubscriber.cpp.obj CMakeFiles\BHTX_AD3_App.dir\Ap #
#                    plication\Network\TalkSwitchRegistrar.cpp.obj            #
#                    CMakeFiles\BHTX_AD3_App.dir\Application\Network\TalkSwit #
#                    chSideChannelSender.cpp.obj                              #
#                    CMakeFiles\BHTX_AD3_App.dir\Application\Power\AABattery. #
#                    cpp.obj CMakeFiles\BHTX_AD3_App.dir\Application\Power\Tx #
#                    Shared\HighTempController.cpp.obj                        #
#                    CMakeFiles\BHTX_AD3_App.dir\Application\Power\BHHighTemp #
#                    Controller.cpp.obj CMakeFiles\BHTX_AD3_App.dir\Applicati #
#                    on\Power\BatteryDiscoverer.cpp.obj                       #
#                    CMakeFiles\BHTX_AD3_App.dir\Application\Power\BatteryPol #
#                    ler.cpp.obj CMakeFiles\BHTX_AD3_App.dir\Application\Powe #
#                    r\BHBatteryPoller.cpp.obj CMakeFiles\BHTX_AD3_App.dir\Ap #
#                    plication\Power\BQ27541Battery.cpp.obj                   #
#                    CMakeFiles\BHTX_AD3_App.dir\Application\Power\BrokenSmar #
#                    tBattery.cpp.obj CMakeFiles\BHTX_AD3_App.dir\Application #
#                    \Power\ChargerPoller.cpp.obj                             #
#                    CMakeFiles\BHTX_AD3_App.dir\Application\Power\LowBattery #
#                    Monitor.cpp.obj CMakeFiles\BHTX_AD3_App.dir\Application\ #
#                    Power\PowerCliCmds.cpp.obj CMakeFiles\BHTX_AD3_App.dir\A #
#                    pplication\Power\PowerStateController.cpp.obj            #
#                    CMakeFiles\BHTX_AD3_App.dir\Application\Power\PowerSubsy #
#                    stem.cpp.obj CMakeFiles\BHTX_AD3_App.dir\Application\Pow #
#                    er\SN27742Battery.cpp.obj CMakeFiles\BHTX_AD3_App.dir\Ap #
#                    plication\Power\TimeEstimationFilter.cpp.obj             #
#                    CMakeFiles\BHTX_AD3_App.dir\Application\Power\UnknownBat #
#                    tery.cpp.obj CMakeFiles\BHTX_AD3_App.dir\Application\Rad #
#                    io\RadioCliCmds.cpp.obj CMakeFiles\BHTX_AD3_App.dir\Appl #
#                    ication\Radio\ZigBeeRadio.cpp.obj                        #
#                    CMakeFiles\BHTX_AD3_App.dir\Application\Radio\ZigBeeRadi #
#                    oSubSys.cpp.obj CMakeFiles\BHTX_AD3_App.dir\Application\ #
#                    RFS\FdCombinerCalCliHelper.cpp.obj                       #
#                    CMakeFiles\BHTX_AD3_App.dir\Application\RFS\FdCombinerCa #
#                    libration.cpp.obj CMakeFiles\BHTX_AD3_App.dir\Applicatio #
#                    n\RFS\RfCalCliHelper.cpp.obj                             #
#                    CMakeFiles\BHTX_AD3_App.dir\Application\RFS\RfController #
#                    .cpp.obj CMakeFiles\BHTX_AD3_App.dir\Application\RFS\RfP #
#                    owerCalibration.cpp.obj CMakeFiles\BHTX_AD3_App.dir\Appl #
#                    ication\RFS\RfsCliCmds.cpp.obj                           #
#                    CMakeFiles\BHTX_AD3_App.dir\Application\RFS\RfSubsystem. #
#                    cpp.obj CMakeFiles\BHTX_AD3_App.dir\Application\RFS\RfVa #
#                    riantInfo.cpp.obj CMakeFiles\BHTX_AD3_App.dir\Applicatio #
#                    n\RFS\sharedGeneric\RfChannelComponent.cpp.obj           #
#                    CMakeFiles\BHTX_AD3_App.dir\Application\RFS\uBPAntTuner. #
#                    cpp.obj CMakeFiles\BHTX_AD3_App.dir\Application\TxStatus #
#                    \BH_TxIrSyncController.cpp.obj                           #
#                    CMakeFiles\BHTX_AD3_App.dir\Application\TxStatus\Channel #
#                    PropertiesDmpHandler.cpp.obj                             #
#                    CMakeFiles\BHTX_AD3_App.dir\Application\TxStatus\DeviceP #
#                    ropertiesDmpHandler.cpp.obj                              #
#                    CMakeFiles\BHTX_AD3_App.dir\Application\TxStatus\DmpHand #
#                    ler.cpp.obj CMakeFiles\BHTX_AD3_App.dir\Application\TxSt #
#                    atus\sharedPortables\DmpMsgHandler.cpp.obj               #
#                    CMakeFiles\BHTX_AD3_App.dir\Application\TxStatus\sharedP #
#                    ortables\TxIrSyncController.cpp.obj                      #
#                    CMakeFiles\BHTX_AD3_App.dir\Application\TxStatus\SideCha #
#                    nnel.cpp.obj CMakeFiles\BHTX_AD3_App.dir\Application\TxS #
#                    tatus\SideChannelPacket.cpp.obj                          #
#                    CMakeFiles\BHTX_AD3_App.dir\Application\TxStatus\Transmi #
#                    tterStatusCliCmds.cpp.obj CMakeFiles\BHTX_AD3_App.dir\Ap #
#                    plication\TxStatus\TransmitterStatusSubsys.cpp.obj       #
#                    CMakeFiles\BHTX_AD3_App.dir\Application\TxStatus\ZbProfi #
#                    leDmpHandler.cpp.obj CMakeFiles\BHTX_AD3_App.dir\Applica #
#                    tion\UI\EmbeddedGui.cpp.obj                              #
#                    CMakeFiles\BHTX_AD3_App.dir\Application\UI\InterfaceLock #
#                    Controller.cpp.obj CMakeFiles\BHTX_AD3_App.dir\Applicati #
#                    on\UI\IterateChar.cpp.obj CMakeFiles\BHTX_AD3_App.dir\Ap #
#                    plication\UI\LedController.cpp.obj                       #
#                    CMakeFiles\BHTX_AD3_App.dir\Application\UI\MenuControlle #
#                    r.cpp.obj CMakeFiles\BHTX_AD3_App.dir\Application\UI\Men #
#                    uEventSubscriber.cpp.obj CMakeFiles\BHTX_AD3_App.dir\App #
#                    lication\UI\SwitchDispatcher.cpp.obj                     #
#                    CMakeFiles\BHTX_AD3_App.dir\Application\UI\UiCliCmds.cpp #
#                    .obj CMakeFiles\BHTX_AD3_App.dir\Application\UI\UiSubSys #
#                    .cpp.obj CMakeFiles\BHTX_AD3_App.dir\Application\UI\gui\ #
#                    GBoxLayout.cpp.obj CMakeFiles\BHTX_AD3_App.dir\Applicati #
#                    on\UI\gui\GEvent.cpp.obj CMakeFiles\BHTX_AD3_App.dir\App #
#                    lication\UI\gui\GFont.cpp.obj                            #
#                    CMakeFiles\BHTX_AD3_App.dir\Application\UI\gui\GGui.cpp. #
#                    obj CMakeFiles\BHTX_AD3_App.dir\Application\UI\gui\GGuiC #
#                    onfig.cpp.obj CMakeFiles\BHTX_AD3_App.dir\Application\UI #
#                    \gui\GImage.cpp.obj CMakeFiles\BHTX_AD3_App.dir\Applicat #
#                    ion\UI\gui\GImageConstMonoRowLsb.cpp.obj                 #
#                    CMakeFiles\BHTX_AD3_App.dir\Application\UI\gui\GImageImp #
#                    l.cpp.obj CMakeFiles\BHTX_AD3_App.dir\Application\UI\gui #
#                    \GImageMonoHPageLsb.cpp.obj                              #
#                    CMakeFiles\BHTX_AD3_App.dir\Application\UI\gui\GImagePai #
#                    ntEngine.cpp.obj CMakeFiles\BHTX_AD3_App.dir\Application #
#                    \UI\gui\GLayout.cpp.obj CMakeFiles\BHTX_AD3_App.dir\Appl #
#                    ication\UI\gui\GLayoutItem.cpp.obj                       #
#                    CMakeFiles\BHTX_AD3_App.dir\Application\UI\gui\GLine.cpp #
#                    .obj CMakeFiles\BHTX_AD3_App.dir\Application\UI\gui\GObj #
#                    ect.cpp.obj CMakeFiles\BHTX_AD3_App.dir\Application\UI\g #
#                    ui\GPainter.cpp.obj CMakeFiles\BHTX_AD3_App.dir\Applicat #
#                    ion\UI\gui\GPainterPrimitives.cpp.obj                    #
#                    CMakeFiles\BHTX_AD3_App.dir\Application\UI\gui\GRect.cpp #
#                    .obj CMakeFiles\BHTX_AD3_App.dir\Application\UI\gui\GSiz #
#                    e.cpp.obj CMakeFiles\BHTX_AD3_App.dir\Application\UI\gui #
#                    \GSizePolicy.cpp.obj CMakeFiles\BHTX_AD3_App.dir\Applica #
#                    tion\UI\gui\GWidget.cpp.obj                              #
#                    CMakeFiles\BHTX_AD3_App.dir\Application\UI\gui\string_nt #
#                    .cpp.obj CMakeFiles\BHTX_AD3_App.dir\Application\UI\gui\ #
#                    mcufont\decoder\mf_bwfont.c.obj                          #
#                    CMakeFiles\BHTX_AD3_App.dir\Application\UI\gui\mcufont\d #
#                    ecoder\mf_encoding.c.obj CMakeFiles\BHTX_AD3_App.dir\App #
#                    lication\UI\gui\mcufont\decoder\mf_font.c.obj            #
#                    CMakeFiles\BHTX_AD3_App.dir\Application\UI\gui\mcufont\d #
#                    ecoder\mf_justify.c.obj CMakeFiles\BHTX_AD3_App.dir\Appl #
#                    ication\UI\gui\mcufont\decoder\mf_kerning.c.obj          #
#                    CMakeFiles\BHTX_AD3_App.dir\Application\UI\gui\mcufont\d #
#                    ecoder\mf_rlefont.c.obj CMakeFiles\BHTX_AD3_App.dir\Appl #
#                    ication\UI\gui\mcufont\decoder\mf_scaledfont.c.obj       #
#                    CMakeFiles\BHTX_AD3_App.dir\Application\UI\gui\mcufont\d #
#                    ecoder\mf_wordwrap.c.obj CMakeFiles\BHTX_AD3_App.dir\App #
#                    lication\UI\config\C11Mutex.cpp.obj                      #
#                    CMakeFiles\BHTX_AD3_App.dir\Application\UI\config\GGuiPl #
#                    atformConfig.cpp.obj CMakeFiles\BHTX_AD3_App.dir\Applica #
#                    tion\UI\config\GGuiPlatformEvents.cpp.obj                #
#                    CMakeFiles\BHTX_AD3_App.dir\Application\UI\config\GObjec #
#                    tTimer.cpp.obj CMakeFiles\BHTX_AD3_App.dir\Application\U #
#                    I\icons\icons.c.obj CMakeFiles\BHTX_AD3_App.dir\Applicat #
#                    ion\UI\menus\AboutMenu.cpp.obj                           #
#                    CMakeFiles\BHTX_AD3_App.dir\Application\UI\menus\AudioMe #
#                    nu.cpp.obj CMakeFiles\BHTX_AD3_App.dir\Application\UI\me #
#                    nus\BandLimitsMenu.cpp.obj CMakeFiles\BHTX_AD3_App.dir\A #
#                    pplication\UI\menus\BandMenu.cpp.obj                     #
#                    CMakeFiles\BHTX_AD3_App.dir\Application\UI\menus\PlugOnB #
#                    atteryInfoMenu.cpp.obj CMakeFiles\BHTX_AD3_App.dir\Appli #
#                    cation\UI\menus\LowBatteryMenu.cpp.obj                   #
#                    CMakeFiles\BHTX_AD3_App.dir\Application\UI\menus\Battery #
#                    InfoMenu.cpp.obj CMakeFiles\BHTX_AD3_App.dir\Application #
#                    \UI\menus\BtnHelpMenu.cpp.obj                            #
#                    CMakeFiles\BHTX_AD3_App.dir\Application\UI\menus\DcMenu. #
#                    cpp.obj CMakeFiles\BHTX_AD3_App.dir\Application\UI\menus #
#                    \DcPasswordMenu.cpp.obj CMakeFiles\BHTX_AD3_App.dir\Appl #
#                    ication\UI\menus\DeviceIdMenu.cpp.obj                    #
#                    CMakeFiles\BHTX_AD3_App.dir\Application\UI\menus\DropMar #
#                    kerMenu.cpp.obj CMakeFiles\BHTX_AD3_App.dir\Application\ #
#                    UI\menus\FactoryResetMenu.cpp.obj                        #
#                    CMakeFiles\BHTX_AD3_App.dir\Application\UI\menus\Firmwar #
#                    eUpdateMenu.cpp.obj CMakeFiles\BHTX_AD3_App.dir\Applicat #
#                    ion\UI\menus\HomeMenu.cpp.obj                            #
#                    CMakeFiles\BHTX_AD3_App.dir\Application\UI\menus\LinkInf #
#                    oMenu.cpp.obj CMakeFiles\BHTX_AD3_App.dir\Application\UI #
#                    \menus\LockMenu.cpp.obj CMakeFiles\BHTX_AD3_App.dir\Appl #
#                    ication\UI\menus\MainMenu.cpp.obj                        #
#                    CMakeFiles\BHTX_AD3_App.dir\Application\UI\menus\MaxRfPo #
#                    werMenu.cpp.obj CMakeFiles\BHTX_AD3_App.dir\Application\ #
#                    UI\menus\MicroHelpMenu.cpp.obj                           #
#                    CMakeFiles\BHTX_AD3_App.dir\Application\UI\menus\RadioMe #
#                    nu.cpp.obj CMakeFiles\BHTX_AD3_App.dir\Application\UI\me #
#                    nus\SafeStartMenu.cpp.obj CMakeFiles\BHTX_AD3_App.dir\Ap #
#                    plication\UI\menus\ShowlinkTestMenu.cpp.obj              #
#                    CMakeFiles\BHTX_AD3_App.dir\Application\UI\menus\SplashM #
#                    enu.cpp.obj CMakeFiles\BHTX_AD3_App.dir\Application\UI\m #
#                    enus\TalkSwitchMenu.cpp.obj                              #
#                    CMakeFiles\BHTX_AD3_App.dir\Application\UI\menus\HwIdMen #
#                    u.cpp.obj CMakeFiles\BHTX_AD3_App.dir\Application\UI\men #
#                    us\UtilitiesMenu.cpp.obj CMakeFiles\BHTX_AD3_App.dir\App #
#                    lication\UI\menus\CliServiceMenu.cpp.obj                 #
#                    CMakeFiles\BHTX_AD3_App.dir\Application\UI\menus\BattHot #
#                    ShutdownMenu.cpp.obj CMakeFiles\BHTX_AD3_App.dir\Applica #
#                    tion\UI\widgets\AbstractEditBox.cpp.obj                  #
#                    CMakeFiles\BHTX_AD3_App.dir\Application\UI\widgets\Abstr #
#                    actScroller.cpp.obj CMakeFiles\BHTX_AD3_App.dir\Applicat #
#                    ion\UI\widgets\AudioMenuEditors.cpp.obj                  #
#                    CMakeFiles\BHTX_AD3_App.dir\Application\UI\widgets\Batte #
#                    ryMeter.cpp.obj CMakeFiles\BHTX_AD3_App.dir\Application\ #
#                    UI\widgets\CommonMenuUi.cpp.obj                          #
#                    CMakeFiles\BHTX_AD3_App.dir\Application\UI\widgets\Edito #
#                    rListMenu.cpp.obj CMakeFiles\BHTX_AD3_App.dir\Applicatio #
#                    n\UI\widgets\FreqEditor.cpp.obj                          #
#                    CMakeFiles\BHTX_AD3_App.dir\Application\UI\widgets\FreqL #
#                    abel.cpp.obj CMakeFiles\BHTX_AD3_App.dir\Application\UI\ #
#                    widgets\GrChLabel.cpp.obj CMakeFiles\BHTX_AD3_App.dir\Ap #
#                    plication\UI\widgets\GTxWidget.cpp.obj                   #
#                    CMakeFiles\BHTX_AD3_App.dir\Application\UI\widgets\HomeM #
#                    enuView.cpp.obj CMakeFiles\BHTX_AD3_App.dir\Application\ #
#                    UI\widgets\LabeledTextBox.cpp.obj                        #
#                    CMakeFiles\BHTX_AD3_App.dir\Application\UI\widgets\ListM #
#                    enu.cpp.obj CMakeFiles\BHTX_AD3_App.dir\Application\UI\w #
#                    idgets\RadioMenuEditors.cpp.obj                          #
#                    CMakeFiles\BHTX_AD3_App.dir\Application\UI\widgets\RfPow #
#                    erEditor.cpp.obj CMakeFiles\BHTX_AD3_App.dir\Build\main. #
#                    c.obj CMakeFiles\BHTX_AD3_App.dir\Build\start.c.obj      #
#                    ..\KSDK\platform\drivers\src\mmcau\asm-cm4\lib_mmcau.a   #
#                    ..\Build\Release\Exe\wdlzigbeeed.a                       #
#                    ..\WdlZigBeeED\ieee_802_15_4\Lib\Freescale_802.15.4_MAC_ #
#                    ZP_M4_IAR.a ..\WdlZigBeeED\zbpro\core\lib\BeeStackZedNs_ #
#                    M4.a ..\WdlZigBeeED\framework\Utils\SecLib\lib_crypto_IA #
#                    R_M4.a) --config_def=gUseBootloaderLink_d=1              #
#                    --config_def=APPLICATION_BUILD=1 --config                #
#                    C:/Shure_SVN_repo/Projects/Blackhawk/BH_TX/BHTX_App/bran #
#                    ches/ADX3_DEV_BRANCH/Build/txShared/MKW21D256V.icf       #
#                    --redirect _Printf=_PrintfLargeNoMb --redirect           #
#                    _Scanf=_ScanfFullNoMb --map                              #
#                    C:/Shure_SVN_repo/Projects/Blackhawk/BH_TX/BHTX_App/bran #
#                    ches/ADX3_DEV_BRANCH/Build/AD3_Release/List/BHTX_AD3_App #
#                    .map --entry __iar_program_start --inline                #
#                    --no_exceptions --vfe=forced --merge_duplicate_sections  #
#                    -o ..\Build\AD3_Release\Exe\BHTX_AD3_App.out             #
#                                                                             #
#                                                                             #
###############################################################################

*******************************************************************************
*** RUNTIME MODEL ATTRIBUTES
***

CppFlavor                     = *
__CPP_Exceptions              = Disabled
__CPP_Language                = C++
__Heap_Handler                = DLMalloc
__SystemLibrary               = DLib
__dlib_dynamic_initialization = normal


*******************************************************************************
*** PLACEMENT SUMMARY
***

"P1":  place in [from 0x00018000 to 0x00018147] { section .intvec };
"P3":  place in [from 0x00018000 to 0x0007ffff] { ro };
"P4":  place in [from 0x1fff8148 to 0x200077ff] { rw, block HEAP };
"P5":  place in [from 0x20007800 to 0x20007fff] { block CSTACK };

  Section              Kind        Address     Size  Object
  -------              ----        -------     ----  ------
"P1":                                         0x144
  .intvec              const    0x00018000    0x144  vectors.c.obj [5]
                              - 0x00018144    0x144

"P3":                                       0x54980
  .rodata              const    0x00018144   0x29a4  ModelController.cpp.obj [15]
  .text                ro code  0x0001aae8   0x2014  BspCliCmds.cpp.obj [4]
  .text                ro code  0x0001cafc    0x74c  CliPeekPokePuke.cpp.obj [13]
  .text                ro code  0x0001d248     0xa0  DataSubsys.cpp.obj [15]
  .text                ro code  0x0001d2e8    0x330  BspSpiDevices.cpp.obj [4]
  .text                ro code  0x0001d618    0x2c0  MicronN25QSpiFlash.cpp.obj [11]
  .text                ro code  0x0001d8d8     0x1c  GroupManager.cpp.obj [19]
  .text                ro code  0x0001d8f4   0x1184  BspSubSys.cpp.obj [4]
  .text                ro code  0x0001ea78   0x1468  Fpga.cpp.obj [4]
  .text                ro code  0x0001fee0    0x26c  Task.cpp.obj [21]
  .text                ro code  0x0002014c     0x2e  RfPowerEditor.cpp.obj [44]
  .text                ro code  0x0002017a     0x22  zero_init3.o [107]
  .text                ro code  0x0002019c    0x13c  CliButtonMsgPrinter.cpp.obj [4]
  .text                ro code  0x000202d8     0x30  I32ToDbl.o [106]
  .text                ro code  0x00020308    0x1a2  DblMul.o [106]
  .text                ro code  0x000204aa     0x1e  xsscin.o [102]
  .text                ro code  0x000204c8    0x246  DblDiv.o [106]
  .text                ro code  0x0002070e     0x1a  xsnprout.o [102]
  .text                ro code  0x00020728     0xe8  DblAdd.o [106]
  .text                ro code  0x00020810     0x58  DblToI32.o [106]
  .text                ro code  0x00020868    0x578  RockstarUpdate.cpp.obj [4]
  .text                ro code  0x00020de0     0x18  BspCliCmds.cpp.obj [4]
  .text                ro code  0x00020df8     0x4e  FltToDbl.o [106]
  .text                ro code  0x00020e46      0xa  HomeMenu.cpp.obj [43]
  .text                ro code  0x00020e50     0x84  FltAdd.o [106]
  .text                ro code  0x00020ed4     0x24  FltCmpLe.o [106]
  .text                ro code  0x00020ef8     0x32  I32ToFlt.o [106]
  .text                ro code  0x00020f2a      0xa  xsprout.o [102]
  .text                ro code  0x00020f34     0xfc  FltDiv.o [106]
  .text                ro code  0x00021030     0x1e  RfPowerEditor.cpp.obj [44]
  .text                ro code  0x0002104e     0x18  AboutMenu.cpp.obj [43]
  .text                ro code  0x00021066      0x6  BspCliCmds.cpp.obj [4]
  .text                ro code  0x0002106c    0x6d4  FpgaUserEventPublisher.cpp.obj [4]
  .text                ro code  0x00021740     0x24  newop_0.o [103]
  .text                ro code  0x00021764    0x104  Spi0Device.cpp.obj [11]
  .text                ro code  0x00021868    0x1d4  ConstFileIOConfig.cpp.obj [4]
  .text                ro code  0x00021a3c     0x66  ABImemset.o [107]
  .text                ro code  0x00021aa2    0x116  FileUtils.cpp.obj [9]
  .text                ro code  0x00021bb8    0x378  ConstFileIO.cpp.obj [9]
  .text                ro code  0x00021f30      0xa  delop_0.o [103]
  .text                ro code  0x00021f3a      0x6  CliCommand.cpp.obj [13]
  .text                ro code  0x00021f40    0x180  fsl_gpio_driver.c.obj [53]
  .text                ro code  0x000220c0    0x814  BspSubSysRf.cpp.obj [4]
  .text                ro code  0x000228d4    0x99c  CliSubsys.cpp.obj [12]
  .text                ro code  0x00023270     0x80  assert.cpp.obj [20]
  .text                ro code  0x000232f0     0x58  memchr.o [107]
  .text                ro code  0x00023348     0x62  memcmp_unaligned.o [107]
  .text                ro code  0x000233aa     0x18  GenericDataController.cpp.obj [15]
  .text                ro code  0x000233c2      0x6  BandLimitController.cpp.obj [19]
  .text                ro code  0x000233c8   0x1c48  ModelController.cpp.obj [15]
  .text                ro code  0x00025010    0x8d8  GenericDataController.cpp.obj [15]
  .text                ro code  0x000258e8    0xabc  DataCliCmds.cpp.obj [15]
  .text                ro code  0x000263a4    0xc50  NvApp.cpp.obj [15]
  .text                ro code  0x00026ff4    0xa10  NvMfr.cpp.obj [15]
  .text                ro code  0x00027a04    0x10c  NvBoot.cpp.obj [16]
  .text                ro code  0x00027b10    0x318  Spi.cpp.obj [5]
  .text                ro code  0x00027e28    0x330  EepromM95080.cpp.obj [8]
  .text                ro code  0x00028158     0xa0  DtcPe64101.cpp.obj [4]
  .text                ro code  0x000281f8     0xf4  RfAttenDat15.cpp.obj [4]
  .text                ro code  0x000282ec     0xcc  Mutex.cpp.obj [21]
  .text                ro code  0x000283b8     0x42  MicronN25QSpiFlash.cpp.obj [11]
  .text                ro code  0x000283fa     0x4c  MicronN25QSpiFlash.cpp.obj [11]
  .text                ro code  0x00028446      0x6  BatteryInfoMenu.cpp.obj [43]
  .text                ro code  0x0002844c     0x36  strlen.o [107]
  .text                ro code  0x00028482     0x50  DevicePropertiesDmpHandler.cpp.obj [36]
  .text                ro code  0x000284d2      0x6  DeviceIdMenu.cpp.obj [43]
  Veneer               ro code  0x000284d8      0x8  - Linker created -
  .text                ro code  0x000284e0    0x3b0  FlashMemoryModule.cpp.obj [5]
  .text                ro code  0x00028890    0x218  FpgaEsdMonitor.cpp.obj [4]
  .text                ro code  0x00028aa8     0x4e  PcbaInfo.cpp.obj [4]
  .text                ro code  0x00028af8    0x158  PeriodicSharedTask.cpp.obj [21]
  .text                ro code  0x00028c50     0x90  fsl_wdog_driver.c.obj [62]
  .text                ro code  0x00028ce0     0x6a  PhysicalUart.cpp.obj [11]
  .text                ro code  0x00028d4c    0x3e4  Uart.cpp.obj [5]
  .text                ro code  0x00029130    0x1e8  Crc16SerialProtocol.cpp.obj [7]
  .text                ro code  0x00029318     0x3a  ABImemset48.o [107]
  .text                ro code  0x00029354     0x40  FpgaHdq.cpp.obj [4]
  .text                ro code  0x00029394    0x1d4  Adc16.cpp.obj [4]
  .text                ro code  0x00029568     0x82  ConcurrentDelayTimer.cpp.obj [4]
  .text                ro code  0x000295ec     0x9c  LogSubsys.cpp.obj [26]
  .text                ro code  0x00029688    0x1ac  BootloaderUpdater.cpp.obj [4]
  .text                ro code  0x00029834     0x60  EventLog.cpp.obj [15]
  .text                ro code  0x00029894     0x44  snprintf.o [102]
  .text                ro code  0x000298d8     0xd8  FltMul.o [106]
  .text                ro code  0x000299b0     0x44  FltToS32.o [106]
  .text                ro code  0x000299f4    0x194  DensitronDD6448BE3A.cpp.obj [4]
  .text                ro code  0x00029b88    0x1f0  DensitronDD9664WE3A.cpp.obj [4]
  .text                ro code  0x00029d78    0x164  Densitron95A12311.cpp.obj [4]
  .text                ro code  0x00029edc    0x130  SerialFpga.cpp.obj [4]
  .text                ro code  0x0002a00c     0x5e  BatteryInfoMenu.cpp.obj [43]
  .text                ro code  0x0002a06c    0x33c  FpgaInterruptController.cpp.obj [4]
  .text                ro code  0x0002a3a8     0x46  BinarySemaphore.cpp.obj [21]
  .text                ro code  0x0002a3f0    0x140  Semaphore.cpp.obj [21]
  .text                ro code  0x0002a530     0x42  Fpga.cpp.obj [4]
  .text                ro code  0x0002a574    0xc80  tasks.c.obj [94]
  .text                ro code  0x0002b1f4    0x114  Time.cpp.obj [21]
  .text                ro code  0x0002b308    0x2a4  port.c.obj [95]
  .text                ro code  0x0002b5ac      0xe  RfPowerEditor.cpp.obj [44]
  .text                ro code  0x0002b5bc     0x76  ABImemcpy_unaligned.o [107]
  .text                ro code  0x0002b634     0xbc  EventServerSubsystem.cpp.obj [18]
  .text                ro code  0x0002b6f0     0xdc  UserEvent.cpp.obj [4]
  .text                ro code  0x0002b7cc    0x180  DblSub.o [106]
  .text                ro code  0x0002b94c     0xee  I64DivMod.o [107]
  .text                ro code  0x0002ba3c     0x78  ABImemmove_unaligned.o [107]
  .text                ro code  0x0002bab4     0xe6  FltSub.o [106]
  .text                ro code  0x0002bb9a     0x6a  BatteryInfoMenu.cpp.obj [43]
  .text                ro code  0x0002bc04     0x54  FwUpdPkgController.cpp.obj [23]
  .text                ro code  0x0002bc58    0x580  ActiveQueue.cpp.obj [21]
  .text                ro code  0x0002c1d8    0x134  PushButton.cpp.obj [4]
  .text                ro code  0x0002c30c     0x64  ToggleSwitch.cpp.obj [4]
  .text                ro code  0x0002c370    0x2b8  Timer.cpp.obj [21]
  .text                ro code  0x0002c628     0x52  strncasecmp.o [102]
  .text                ro code  0x0002c67a      0xe  CliCommand.cpp.obj [13]
  .text                ro code  0x0002c688     0x3e  CliSerialPullInput.cpp.obj [13]
  .text                ro code  0x0002c6c6     0xd0  BatteryInfoMenu.cpp.obj [43]
  .text                ro code  0x0002c796      0x4  xpurevirtual.o [102]
  .text                ro code  0x0002c79c   0x1554  dlmalloc.o [102]
  .text                ro code  0x0002dcf0    0x428  fsl_dspi_master_driver.c.obj [49]
  .text                ro code  0x0002e118     0x4c  strcasecmp.o [102]
  .text                ro code  0x0002e164      0x6  ABImemclr.o [107]
  .text                ro code  0x0002e16a      0xa  FpgaInterruptController.cpp.obj [4]
  .text                ro code  0x0002e174      0xa  ConstFileIO.cpp.obj [9]
  .text                ro code  0x0002e17e     0x10  ConstFileIO.cpp.obj [9]
  .text                ro code  0x0002e18e    0x134  ConstFileIO.cpp.obj [9]
  .text                ro code  0x0002e2c2     0x76  DiskIO.cpp.obj [11]
  .text                ro code  0x0002e338     0xcc  fsl_clock_MKW21D5.c.obj [90]
  .text                ro code  0x0002e404     0x26  fsl_gpio_hal.c.obj [71]
  .text                ro code  0x0002e42c    0x444  FwUpdateSubsys.cpp.obj [22]
  .text                ro code  0x0002e870     0xf8  RfVariantInfo.cpp.obj [33]
  .text                ro code  0x0002e968    0x78c  FreqManagementSubsystem.cpp.obj [19]
  .text                ro code  0x0002f0f4    0x27c  CID.cpp.obj [28]
  .text                ro code  0x0002f370     0xdc  NetworkSubSys.cpp.obj [28]
  .text                ro code  0x0002f44c      0x6  ABImemclr4.o [107]
  .text                ro code  0x0002f454     0xe0  ActiveObject.cpp.obj [21]
  .text                ro code  0x0002f534    0xd30  CliCommand.cpp.obj [13]
  .text                ro code  0x00030264    0x1b4  CliUserRegistry.cpp.obj [13]
  .text                ro code  0x00030418    0x344  CliMisc.cpp.obj [13]
  .text                ro code  0x0003075c    0x3c8  CliMemory.cpp.obj [13]
  .text                ro code  0x00030b24    0x120  CliOpenRTOS.cpp.obj [13]
  .text                ro code  0x00030c44     0x88  UartHandle.cpp.obj [12]
  .text                ro code  0x00030ccc    0x210  CliSerialPullInput.cpp.obj [13]
  .text                ro code  0x00030edc     0xfc  Crc16CliSession.cpp.obj [12]
  .text                ro code  0x00030fd8     0x74  ModelController.cpp.obj [15]
  .text                ro code  0x0003104c     0x4c  BatteryInfoMenu.cpp.obj [43]
  .text                ro code  0x00031098     0x8c  string.o [103]
  .text                ro code  0x00031124     0xb0  CliCommand.cpp.obj [13]
  .text                ro code  0x000311d4     0x14  HomeMenuView.cpp.obj [44]
  .text                ro code  0x000311e8     0x1c  DevicePropertiesDmpHandler.cpp.obj [36]
  .text                ro code  0x00031204    0x59c  FrequencyIteration.cpp.obj [19]
  .text                ro code  0x000317a0     0x34  DmpAddrUtility.c.obj [17]
  .text                ro code  0x000317d4     0x24  sscanf.o [102]
  .text                ro code  0x000317f8     0x40  Crc16.c.obj [6]
  .text                ro code  0x00031838     0x18  NvApp.cpp.obj [15]
  .text                ro code  0x00031850     0x54  NvApp.cpp.obj [15]
  .text                ro code  0x000318a4     0x46  NvApp.cpp.obj [15]
  .text                ro code  0x000318ea     0x30  NvMfr.cpp.obj [15]
  .text                ro code  0x0003191a     0x32  NvMfr.cpp.obj [15]
  .text                ro code  0x0003194c     0x64  NvMfr.cpp.obj [15]
  .text                ro code  0x000319b0     0x66  NvMfr.cpp.obj [15]
  .text                ro code  0x00031a16     0x64  NvMfr.cpp.obj [15]
  .text                ro code  0x00031a7a     0x66  NvMfr.cpp.obj [15]
  .text                ro code  0x00031ae0     0x64  NvMfr.cpp.obj [15]
  .text                ro code  0x00031b44     0x64  NvBoot.cpp.obj [16]
  .text                ro code  0x00031ba8     0x36  NvBoot.cpp.obj [16]
  .text                ro code  0x00031be0     0x30  fsl_interrupt_manager.c.obj [92]
  .text                ro code  0x00031c10    0x7a0  queue.c.obj [94]
  .text                ro code  0x000323b0     0x3a  FlashMemoryModule.cpp.obj [5]
  .text                ro code  0x000323ea     0x2e  FlashMemoryModule.cpp.obj [5]
  .text                ro code  0x00032418      0xe  fsl_rcm_hal.c.obj [80]
  .text                ro code  0x00032428    0x148  PeriodicObject.cpp.obj [21]
  .text                ro code  0x00032570     0x60  fsl_wdog_hal.c.obj [87]
  .text                ro code  0x000325d0    0x148  MsgQueue.cpp.obj [21]
  .text                ro code  0x00032718    0x20c  fsl_uart_hal.c.obj [86]
  .text                ro code  0x00032924    0x1d8  Crc16SerialReceiveTask.cpp.obj [7]
  .text                ro code  0x00032afc    0x130  Crc16SerialSendTask.cpp.obj [7]
  .text                ro code  0x00032c2c    0x4cc  HDQ.cpp.obj [9]
  .text                ro code  0x000330f8    0x194  fsl_adc16_driver.c.obj [46]
  .text                ro code  0x0003328c     0x90  DblToFlt.o [106]
  .text                ro code  0x0003331c     0x38  LogSubsysImpl.cpp.obj [27]
  CODE                 ro code  0x00033354     0x94  portasm.s.obj [98]
  .text                ro code  0x000333e8    0x15e  FlashLoader.cpp.obj [11]
  .text                ro code  0x00033548    0xc02  xprintflarge_nomb.o [102]
  .text                ro code  0x0003414c    0x1ee  SSD1306.cpp.obj [4]
  .text                ro code  0x0003433c    0x23e  SSD1305.cpp.obj [4]
  .text                ro code  0x0003457c    0x2a4  Nt75451Lcd.cpp.obj [8]
  .text                ro code  0x00034820      0xa  FpgaInterruptController.cpp.obj [4]
  .text                ro code  0x0003482a     0x10  FpgaInterruptController.cpp.obj [4]
  .text                ro code  0x0003483a     0x20  FpgaInterruptController.cpp.obj [4]
  .text                ro code  0x0003485a    0x15c  FpgaInterruptController.cpp.obj [4]
  .text                ro code  0x000349b6     0x32  heap_3.c.obj [96]
  .text                ro code  0x000349e8     0x8a  list.c.obj [94]
  .text                ro code  0x00034a74    0x34c  timers.c.obj [94]
  .text                ro code  0x00034dc0    0x110  main.c.obj [45]
  .text                ro code  0x00034ed0     0xd8  sysLib.c.obj [10]
  .text                ro code  0x00034fa8    0x65c  EventServer.cpp.obj [18]
  .text                ro code  0x00035604      0x2  RadioCliCmds.cpp.obj [35]
  .text                ro code  0x00035606     0x20  CID.cpp.obj [28]
  .text                ro code  0x00035628    0x198  BufferPool.cpp.obj [21]
  .text                ro code  0x000357c0     0x84  ActiveMethod.cpp.obj [21]
  .text                ro code  0x00035844     0x14  CliUserRegistry.cpp.obj [13]
  .text                ro code  0x00035858    0x194  ActiveQueue.cpp.obj [21]
  .text                ro code  0x000359ec     0x5c  TimeEstimationFilter.cpp.obj [31]
  .text                ro code  0x00035a48     0x54  BatteryMeter.cpp.obj [44]
  .text                ro code  0x00035a9c    0x100  TimeEstimationFilter.cpp.obj [31]
  .text                ro code  0x00035b9c      0x6  abort.o [102]
  .text                ro code  0x00035ba4     0x2c  xgetmemchunk.o [102]
  .text                ro code  0x00035bd0    0x30c  fsl_dspi_hal.c.obj [67]
  .text                ro code  0x00035edc     0x88  fsl_os_abstraction_free_rtos.c.obj [88]
  .text                ro code  0x00035f64     0x20  FpgaInterruptController.cpp.obj [4]
  .text                ro code  0x00035f84     0x16  ConstFileIO.cpp.obj [9]
  .text                ro code  0x00035f9a     0x1a  ConstFileIO.cpp.obj [9]
  .text                ro code  0x00035fb4    0x1b8  fsl_mcg_hal.c.obj [75]
  .text                ro code  0x0003616c     0xd8  Crc16SfdHandler.cpp.obj [22]
  .text                ro code  0x00036244     0xb4  PackageController.cpp.obj [22]
  .text                ro code  0x000362f8    0x17e  AppFwUpdController.cpp.obj [22]
  .text                ro code  0x00036478    0x2bc  FpgaFwUpdController.cpp.obj [22]
  .text                ro code  0x00036734    0x166  FreqTableFwUpdate.cpp.obj [22]
  .text                ro code  0x0003689c     0x78  BootloaderFileHandler.cpp.obj [22]
  .text                ro code  0x00036914     0x60  GoldenFpgaFileHandler.cpp.obj [22]
  .text                ro code  0x00036974    0x9b4  FwUpdPkgController.cpp.obj [23]
  .text                ro code  0x00037328    0x314  FwUpdateCliCmds.cpp.obj [22]
  .text                ro code  0x0003763c     0x30  BandMenu.cpp.obj [43]
  .text                ro code  0x0003766c    0xdf4  FreqBandRegistry.cpp.obj [19]
  .text                ro code  0x00038460    0x4d4  FreqBandController.cpp.obj [19]
  .text                ro code  0x00038934    0x380  FdCGroupManager.cpp.obj [19]
  .text                ro code  0x00038cb4    0x480  GroupManager.cpp.obj [19]
  .text                ro code  0x00039134    0x798  BandLimitController.cpp.obj [19]
  .text                ro code  0x000398cc    0x704  FreqManager.cpp.obj [19]
  .text                ro code  0x00039fd0    0xcac  RfPowerController.cpp.obj [19]
  .text                ro code  0x0003ac7c    0x21e  CustomGroupController.cpp.obj [19]
  .text                ro code  0x0003ae9c   0x10ec  FmsCliCmds.cpp.obj [19]
  .text                ro code  0x0003bf88    0x148  RfSubsystem.cpp.obj [33]
  .text                ro code  0x0003c0d0     0x20  CID.cpp.obj [28]
  .text                ro code  0x0003c0f0     0x34  sprintf.o [102]
  .text                ro code  0x0003c124    0x174  xstoul.o [102]
  .text                ro code  0x0003c298     0xc0  DeviceId.cpp.obj [29]
  .text                ro code  0x0003c358     0xb8  NetworkCliCommands.cpp.obj [28]
  .text                ro code  0x0003c410     0x24  newop2_0.o [103]
  .text                ro code  0x0003c434     0x1e  CliCommand.cpp.obj [13]
  .text                ro code  0x0003c452      0x8  CliCommand.cpp.obj [13]
  .text                ro code  0x0003c45c     0x14  uBPAntTuner.cpp.obj [33]
  .text                ro code  0x0003c470     0xd6  cxxabi.o [103]
  .text                ro code  0x0003c546     0x54  CliCommand.cpp.obj [13]
  .text                ro code  0x0003c59a      0xc  CliCommand.cpp.obj [13]
  .text                ro code  0x0003c5a8     0x16  strchr.o [107]
  .text                ro code  0x0003c5c0     0x42  strcmp_unaligned.o [107]
  .text                ro code  0x0003c602     0x18  CliCommand.cpp.obj [13]
  .text                ro code  0x0003c61a    0x138  CliCommand.cpp.obj [13]
  .text                ro code  0x0003c752    0x122  CliCommand.cpp.obj [13]
  .text                ro code  0x0003c874     0x14  CliCommand.cpp.obj [13]
  .text                ro code  0x0003c888    0x146  CliCommand.cpp.obj [13]
  .text                ro code  0x0003c9ce    0x156  CliCommand.cpp.obj [13]
  .text                ro code  0x0003cb24     0x26  CliCommand.cpp.obj [13]
  .text                ro code  0x0003cb4a     0x3e  CliUserRegistry.cpp.obj [13]
  .text                ro code  0x0003cb88     0x4c  CliUser.cpp.obj [13]
  .text                ro code  0x0003cbd4     0x88  dlmalloc_stat.o [102]
  .text                ro code  0x0003cc5c      0x8  newaop_0.o [103]
  .text                ro code  0x0003cc64      0x4  delaop_0.o [103]
  .text                ro code  0x0003cc68    0x19c  CliHandleBase.cpp.obj [13]
  .text                ro code  0x0003ce04    0x154  CliHistory.cpp.obj [13]
  .text                ro code  0x0003cf58     0x3c  vsnprint.o [102]
  .text                ro code  0x0003cf94     0x42  CliSerialPullInput.cpp.obj [13]
  .text                ro code  0x0003cfd6     0x5e  CliSerialPullInput.cpp.obj [13]
  .text                ro code  0x0003d034     0xb4  IrCliController.cpp.obj [13]
  .text                ro code  0x0003d0e8     0x20  uBPAntTuner.cpp.obj [33]
  .text                ro code  0x0003d108     0x1c  TimeEstimationFilter.cpp.obj [31]
  .text                ro code  0x0003d124    0xb04  xscanffull_nomb.o [102]
  .text                ro code  0x0003dc28     0x8a  NvApp.cpp.obj [15]
  .text                ro code  0x0003dcb2    0x1b8  NvApp.cpp.obj [15]
  .text                ro code  0x0003de6a     0x22  FlashMemoryModule.cpp.obj [5]
  .text                ro code  0x0003de8c    0x188  Crc16IcPacket.c.obj [6]
  .text                ro code  0x0003e014     0x24  TimeEstimationFilter.cpp.obj [31]
  .text                ro code  0x0003e038    0x138  fsl_adc16_hal.c.obj [63]
  .text                ro code  0x0003e170    0x274  LogTask.cpp.obj [26]
  .text                ro code  0x0003e3e4    0x134  BspVPrintf.cpp.obj [11]
  .text                ro code  0x0003e518     0x42  xdnorm.o [106]
  .text                ro code  0x0003e55c     0x2e  DblCmpLe.o [106]
  .text                ro code  0x0003e58a      0xe  div.o [102]
  .text                ro code  0x0003e598     0x1e  FpgaInterruptController.cpp.obj [4]
  .text                ro code  0x0003e5b8     0xcc  AppMain.cpp.obj [1]
  .text                ro code  0x0003e684     0x24  printf.o [102]
  .text                ro code  0x0003e6a8     0x52  EventServer.cpp.obj [18]
  .text                ro code  0x0003e6fa     0x4c  EventServer.cpp.obj [18]
  .text                ro code  0x0003e746      0xa  EventServer.cpp.obj [18]
  .text                ro code  0x0003e750     0x1a  SystemEvent.cpp.obj [18]
  .text                ro code  0x0003e76a     0x1c  EventServer.cpp.obj [18]
  .text                ro code  0x0003e786      0x4  EventServer.cpp.obj [18]
  .text                ro code  0x0003e78a     0x30  EventServer.cpp.obj [18]
  .text                ro code  0x0003e7bc    0x110  EventServer.cpp.obj [18]
  .text                ro code  0x0003e8cc    0x210  EventServer.cpp.obj [18]
  .text                ro code  0x0003eadc      0xe  CliUserRegistry.cpp.obj [13]
  .text                ro code  0x0003eaea     0x1e  CliUserRegistry.cpp.obj [13]
  .text                ro code  0x0003eb08     0x24  CliUserRegistry.cpp.obj [13]
  .text                ro code  0x0003eb2c      0x6  BatteryMeter.cpp.obj [44]
  .text                ro code  0x0003eb32     0x12  BatteryMeter.cpp.obj [44]
  .text                ro code  0x0003eb44     0x8e  TimeEstimationFilter.cpp.obj [31]
  .text                ro code  0x0003ebd4     0x9c  BatteryMeter.cpp.obj [44]
  .text                ro code  0x0003ec70      0xa  TimeEstimationFilter.cpp.obj [31]
  .text                ro code  0x0003ec7a     0x18  BatteryMeter.cpp.obj [44]
  .text                ro code  0x0003ec94     0x9c  TransmitterStatusSubsys.cpp.obj [36]
  .text                ro code  0x0003ed30     0xe4  FwPkgFileHandler.cpp.obj [23]
  .text                ro code  0x0003ee14    0x1ac  StandardSfdFileHandler.cpp.obj [23]
  .text                ro code  0x0003efc0     0x20  GoldenFpgaFileHandler.cpp.obj [22]
  .text                ro code  0x0003efe0    0x27c  SimpleFileDownloadClient.cpp.obj [24]
  .text                ro code  0x0003f25c    0x380  SfdFileReceiver.cpp.obj [23]
  .text                ro code  0x0003f5dc     0xa4  ManifestHandler.cpp.obj [23]
  .text                ro code  0x0003f680    0x430  PkgManifestXmlReader.cpp.obj [23]
  .text                ro code  0x0003fab0     0x96  FwUpdPkgController.cpp.obj [23]
  .text                ro code  0x0003fb46      0xc  memcpy.o [102]
  .text                ro code  0x0003fb52     0x1c  FwUpdPkgController.cpp.obj [23]
  .text                ro code  0x0003fb6e     0x1c  FwUpdPkgController.cpp.obj [23]
  .text                ro code  0x0003fb8a    0x14c  FwUpdPkgController.cpp.obj [23]
  .text                ro code  0x0003fcd8     0x36  NullPackageFileHandler.cpp.obj [23]
  .text                ro code  0x0003fd0e     0x1c  FwUpdPkgController.cpp.obj [23]
  .text                ro code  0x0003fd2c    0x468  PowerRules.cpp.obj [19]
  .text                ro code  0x00040194    0x170  FreqBandRegistry.cpp.obj [19]
  .text                ro code  0x00040304    0x148  FreqBandRegistry.cpp.obj [19]
  .text                ro code  0x0004044c     0x2c  strstr.o [102]
  .text                ro code  0x00040478     0x2a  strncmp.o [102]
  .text                ro code  0x000404a4     0x6c  LinkedDevSubsystem.cpp.obj [25]
  .text                ro code  0x00040510     0xf4  GroupManagerCommonTx.cpp.obj [19]
  .text                ro code  0x00040604     0x1e  FreqEditor.cpp.obj [44]
  .text                ro code  0x00040622    0x154  BandLimitController.cpp.obj [19]
  .text                ro code  0x00040778    0x1ec  RfPowerState.cpp.obj [19]
  .text                ro code  0x00040964     0xbe  RfPowerController.cpp.obj [19]
  .text                ro code  0x00040a22     0x26  RfPowerEditor.cpp.obj [44]
  .text                ro code  0x00040a48     0x34  RfPowerController.cpp.obj [19]
  .text                ro code  0x00040a7c    0x11c  RfPowerCalibration.cpp.obj [33]
  .text                ro code  0x00040b98     0x26  RfPowerController.cpp.obj [19]
  .text                ro code  0x00040bbe     0x40  RfPowerController.cpp.obj [19]
  .text                ro code  0x00040c00     0x34  floorf.o [106]
  .text                ro code  0x00040c34     0x32  ceilf.o [106]
  .text                ro code  0x00040c68     0x24  FltToU32.o [106]
  .text                ro code  0x00040c8c    0x880  RfController.cpp.obj [33]
  .text                ro code  0x0004150c    0x780  RfPowerCalibration.cpp.obj [33]
  .text                ro code  0x00041c8c    0x3b0  FdCombinerCalibration.cpp.obj [33]
  .text                ro code  0x0004203c    0xd60  RfsCliCmds.cpp.obj [33]
  .text                ro code  0x00042d9c     0xf2  CID.cpp.obj [28]
  .text                ro code  0x00042e90      0xc  errno.o [102]
  .text                ro code  0x00042e9c     0x6c  strncpy_unaligned.o [107]
  .text                ro code  0x00042f08     0x10  CliCommand.cpp.obj [13]
  .text                ro code  0x00042f18    0x13a  CliCommand.cpp.obj [13]
  .text                ro code  0x00043052     0x88  CliCommand.cpp.obj [13]
  .text                ro code  0x000430da      0xc  CliCommand.cpp.obj [13]
  .text                ro code  0x000430e6     0x1a  CliCommand.cpp.obj [13]
  .text                ro code  0x00043100    0x154  CliCommand.cpp.obj [13]
  .text                ro code  0x00043254     0xaa  CliCommand.cpp.obj [13]
  .text                ro code  0x00043300    0x170  CliUserRegistry.cpp.obj [13]
  .text                ro code  0x00043470     0x86  xstol.o [102]
  .text                ro code  0x000434f8     0x10  exception.o [103]
  .text                ro code  0x00043508     0x10  TimeEstimationFilter.cpp.obj [31]
  .text                ro code  0x00043518     0xa2  xstoll.o [102]
  .text                ro code  0x000435bc    0x1b4  xstoull.o [102]
  .text                ro code  0x00043770    0x140  xstold.o [106]
  .text                ro code  0x000438b0    0x10c  xdscale.o [106]
  .text                ro code  0x000439bc    0x1c4  LogMessages.cpp.obj [26]
  .text                ro code  0x00043b80     0x3e  SubSystemStarter.cpp.obj [2]
  .text                ro code  0x00043bbe     0x1c  EventServer.cpp.obj [18]
  .text                ro code  0x00043bda     0x1c  EventServer.cpp.obj [18]
  .text                ro code  0x00043bf8     0x20  EventServer.cpp.obj [18]
  .text                ro code  0x00043c18     0x36  EventServer.cpp.obj [18]
  .text                ro code  0x00043c4e     0x36  EventServer.cpp.obj [18]
  .text                ro code  0x00043c84     0x14  uBPAntTuner.cpp.obj [33]
  .text                ro code  0x00043c98      0xe  EventServer.cpp.obj [18]
  .text                ro code  0x00043ca8     0xda  DmpHandler.cpp.obj [36]
  .text                ro code  0x00043d84     0xc8  BH_TxIrSyncController.cpp.obj [36]
  .text                ro code  0x00043e4c    0x6a8  SideChannel.cpp.obj [36]
  .text                ro code  0x000444f4    0x1e0  TransmitterStatusCliCmds.cpp.obj [36]
  .text                ro code  0x000446d4    0x834  DmpMsgHandler.cpp.obj [37]
  .text                ro code  0x00044f08     0x48  StandardSfdFileHandler.cpp.obj [23]
  .text                ro code  0x00044f50     0x14  SfdFileReceiver.cpp.obj [23]
  .text                ro code  0x00044f64    0x4e2  XmlParser.cpp.obj [23]
  .text                ro code  0x00045446    0x1ac  XmlNode.cpp.obj [23]
  .text                ro code  0x000455f4    0x170  PkgManifestXmlReader.cpp.obj [23]
  .text                ro code  0x00045764     0xf6  XmlAttribute.cpp.obj [23]
  .text                ro code  0x0004585c     0x74  PkgManifestXmlReader.cpp.obj [23]
  .text                ro code  0x000458d0     0x20  XmlNode.cpp.obj [23]
  .text                ro code  0x000458f0     0x28  FwUpdPkgController.cpp.obj [23]
  .text                ro code  0x00045918     0x16  FwUpdPkgController.cpp.obj [23]
  .text                ro code  0x0004592e    0x134  RfsCliCmds.cpp.obj [33]
  .text                ro code  0x00045a62     0xfc  PowerRules.cpp.obj [19]
  .text                ro code  0x00045b5e     0x14  FreqBandRegistry.cpp.obj [19]
  .text                ro code  0x00045b72     0x22  FreqBandRegistry.cpp.obj [19]
  .text                ro code  0x00045b94     0x2c  FreqBandRegistry.cpp.obj [19]
  .text                ro code  0x00045bc0     0x1c  FreqBandRegistry.cpp.obj [19]
  .text                ro code  0x00045bdc    0x47c  LinkedDevManager.cpp.obj [25]
  .text                ro code  0x00046058    0x156  BandLimitController.cpp.obj [19]
  .text                ro code  0x000461ae     0xa0  BandLimitController.cpp.obj [19]
  .text                ro code  0x0004624e     0x14  RfPowerController.cpp.obj [19]
  .text                ro code  0x00046262      0xc  RfPowerController.cpp.obj [19]
  .text                ro code  0x0004626e     0x32  RfPowerController.cpp.obj [19]
  .text                ro code  0x000462a0    0x18c  RfPowerCalibration.cpp.obj [33]
  .text                ro code  0x0004642c     0x86  RfPowerCalibration.cpp.obj [33]
  .text                ro code  0x000464b2     0x3e  RfPowerCalibration.cpp.obj [33]
  .text                ro code  0x000464f0    0x730  RfCalCliHelper.cpp.obj [33]
  .text                ro code  0x00046c20    0x3c8  FdCombinerCalCliHelper.cpp.obj [33]
  .text                ro code  0x00046fe8     0x6c  CliCommand.cpp.obj [13]
  .text                ro code  0x00047054      0xe  CliCommand.cpp.obj [13]
  .text                ro code  0x00047062     0x6c  CliCommand.cpp.obj [13]
  .text                ro code  0x000470ce     0x1c  CliCommand.cpp.obj [13]
  .text                ro code  0x000470ea     0x18  CliUserRegistry.cpp.obj [13]
  .text                ro code  0x00047102    0x130  xstopfx.o [102]
  .text                ro code  0x00047234    0x1b0  xstoflt.o [102]
  .text                ro code  0x000473e8    0x200  xdtento.o [106]
  .text                ro code  0x000475e8    0x200  xstoxflt.o [102]
[...]
                        0x00045a63    0xfc  Code  Gb  PowerRules.cpp.obj [19]
void std::vector<char, std::allocator<char>>::_Insert<std::_Vector_iterator<char, std::allocator<char>>>(std::_Vector_const_iterator<char, std::allocator<char>>, std::_Vector_iterator<char, std::allocator<char>>, std::_Vector_iterator<char, std::allocator<char>>, std::forward_iterator_tag)
                        0x0004b24f    0xd0  Code  Gb  LogMessages.cpp.obj [26]
void strinit_nt<(unsigned int)10>(char (&)[(unsigned int)10], char const *)
                        0x0005c79f    0x10  Code  Gb  BatteryInfoMenu.cpp.obj [43]
void strinit_nt<(unsigned int)15>(char (&)[(unsigned int)15], char const *)
                        0x0005c7af    0x10  Code  Gb  HomeMenuView.cpp.obj [44]
void strinit_nt<(unsigned int)3>(char (&)[(unsigned int)3], char const *)
                        0x0006068b    0x10  Code  Gb  GFont.cpp.obj [40]
vsnprintf               0x0003cf59    0x3c  Code  Gb  vsnprint.o [102]
wdogWctInstructionCount
                        0x1fff902c     0x4  Data  Lc  fsl_wdog_driver.c.obj [62]
whitespace_callback     0x0005fd23    0x36  Code  Lc  mf_font.c.obj [41]
xActiveTimerList1       0x1fff8d28    0x14  Data  Lc  timers.c.obj [94]
xActiveTimerList2       0x1fff8d3c    0x14  Data  Lc  timers.c.obj [94]
xDelayedTaskList1       0x1fff840c    0x14  Data  Lc  tasks.c.obj [94]
xDelayedTaskList2       0x1fff8420    0x14  Data  Lc  tasks.c.obj [94]
xMaximumPossibleSuppressedTicks
                        0x1fff851c     0x4  Data  Lc  port.c.obj [95]
xNextTaskUnblockTime    0x1fff8404     0x4  Data  Lc  tasks.c.obj [94]
xNumOfOverflows         0x1fff83fc     0x4  Data  Lc  tasks.c.obj [94]
xPendingReadyList       0x1fff8398    0x14  Data  Lc  tasks.c.obj [94]
xPortStartScheduler     0x0002b33d    0x64  Code  Gb  port.c.obj [95]
xQueueCreateCountingSemaphore
                        0x00031d67    0x8a  Code  Gb  queue.c.obj [94]
xQueueCreateMutex       0x00031ca3    0x58  Code  Gb  queue.c.obj [94]
xQueueGenericCreate     0x00031c11    0x92  Code  Gb  queue.c.obj [94]
xQueueGenericReceive    0x00031ffd   0x124  Code  Gb  queue.c.obj [94]
xQueueGenericSend       0x00031df1   0x10e  Code  Gb  queue.c.obj [94]
xQueueGenericSendFromISR
                        0x00031f0b    0x8a  Code  Gb  queue.c.obj [94]
xQueueGiveFromISR       0x00031f95    0x68  Code  Gb  queue.c.obj [94]
xQueueGiveMutexRecursive
                        0x00031cfb    0x32  Code  Gb  queue.c.obj [94]
xQueueReceiveFromISR    0x00032121    0x68  Code  Gb  queue.c.obj [94]
xQueueRegistry          0x1fff8cd8    0x40  Data  Gb  queue.c.obj [94]
xQueueTakeMutexRecursive
                        0x00031d2d    0x3a  Code  Gb  queue.c.obj [94]
xSchedulerRunning       0x1fff83f0     0x4  Data  Lc  tasks.c.obj [94]
xSuspendedTaskList      0x1fff83c0    0x14  Data  Lc  tasks.c.obj [94]
xTaskCheckForTimeOut    0x0002aecd    0x58  Code  Gb  tasks.c.obj [94]
xTaskGenericCreate      0x0002a575   0x198  Code  Gb  tasks.c.obj [94]
xTaskGetCurrentTaskHandle
                        0x0002b0af     0x8  Code  Gb  tasks.c.obj [94]
xTaskGetSchedulerState  0x0002b0b7    0x18  Code  Gb  tasks.c.obj [94]
xTaskGetTickCount       0x0002aa03     0xc  Code  Gb  tasks.c.obj [94]
xTaskGetTickCountFromISR
                        0x0002aa17    0x10  Code  Gb  tasks.c.obj [94]
xTaskIncrementTick      0x0002ac73    0xd0  Code  Gb  tasks.c.obj [94]
xTaskPriorityDisinherit
                        0x0002b151    0x74  Code  Gb  tasks.c.obj [94]
xTaskRemoveFromEventList
                        0x0002ae43    0x72  Code  Gb  tasks.c.obj [94]
xTaskResumeAll          0x0002a965    0x9e  Code  Gb  tasks.c.obj [94]
xTasksWaitingTermination
                        0x1fff83ac    0x14  Data  Lc  tasks.c.obj [94]
xTickCount              0x1fff83e8     0x4  Data  Lc  tasks.c.obj [94]
xTimerCreate            0x00034aaf    0x3c  Code  Gb  timers.c.obj [94]
xTimerCreateTimerTask   0x00034a75    0x3a  Code  Gb  timers.c.obj [94]
xTimerGenericCommand    0x00034aeb    0x4e  Code  Gb  timers.c.obj [94]
xTimerQueue             0x1fff8d20     0x4  Data  Lc  timers.c.obj [94]
xYieldPending           0x1fff83f8     0x4  Data  Lc  tasks.c.obj [94]


[1] = C:\Shure_SVN_repo\Projects\Blackhawk\BH_TX\BHTX_App\branches\ADX3_DEV_BRANCH\AD3_Release\CMakeFiles\BHTX_AD3_App.dir\Application\AppMain
[2] = C:\Shure_SVN_repo\Projects\Blackhawk\BH_TX\BHTX_App\branches\ADX3_DEV_BRANCH\AD3_Release\CMakeFiles\BHTX_AD3_App.dir\Application\AppMain\sharedGeneric
[3] = C:\Shure_SVN_repo\Projects\Blackhawk\BH_TX\BHTX_App\branches\ADX3_DEV_BRANCH\AD3_Release\CMakeFiles\BHTX_AD3_App.dir\Application\AudioMgmt
[4] = C:\Shure_SVN_repo\Projects\Blackhawk\BH_TX\BHTX_App\branches\ADX3_DEV_BRANCH\AD3_Release\CMakeFiles\BHTX_AD3_App.dir\Application\BSP
[5] = C:\Shure_SVN_repo\Projects\Blackhawk\BH_TX\BHTX_App\branches\ADX3_DEV_BRANCH\AD3_Release\CMakeFiles\BHTX_AD3_App.dir\Application\BSP\kw20Platform
[6] = C:\Shure_SVN_repo\Projects\Blackhawk\BH_TX\BHTX_App\branches\ADX3_DEV_BRANCH\AD3_Release\CMakeFiles\BHTX_AD3_App.dir\Application\BSP\sharedCrc16
[7] = C:\Shure_SVN_repo\Projects\Blackhawk\BH_TX\BHTX_App\branches\ADX3_DEV_BRANCH\AD3_Release\CMakeFiles\BHTX_AD3_App.dir\Application\BSP\sharedCrc16\Reduced
[8] = C:\Shure_SVN_repo\Projects\Blackhawk\BH_TX\BHTX_App\branches\ADX3_DEV_BRANCH\AD3_Release\CMakeFiles\BHTX_AD3_App.dir\Application\BSP\sharedGeneric
[9] = C:\Shure_SVN_repo\Projects\Blackhawk\BH_TX\BHTX_App\branches\ADX3_DEV_BRANCH\AD3_Release\CMakeFiles\BHTX_AD3_App.dir\Application\BSP\sharedPortables
[10] = C:\Shure_SVN_repo\Projects\Blackhawk\BH_TX\BHTX_App\branches\ADX3_DEV_BRANCH\AD3_Release\CMakeFiles\BHTX_AD3_App.dir\Application\BSP\sysLib
[11] = C:\Shure_SVN_repo\Projects\Blackhawk\BH_TX\BHTX_App\branches\ADX3_DEV_BRANCH\AD3_Release\CMakeFiles\BHTX_AD3_App.dir\Application\BSP\txShared
[12] = C:\Shure_SVN_repo\Projects\Blackhawk\BH_TX\BHTX_App\branches\ADX3_DEV_BRANCH\AD3_Release\CMakeFiles\BHTX_AD3_App.dir\Application\CLI
[13] = C:\Shure_SVN_repo\Projects\Blackhawk\BH_TX\BHTX_App\branches\ADX3_DEV_BRANCH\AD3_Release\CMakeFiles\BHTX_AD3_App.dir\Application\CLI\sharedGeneric
[14] = C:\Shure_SVN_repo\Projects\Blackhawk\BH_TX\BHTX_App\branches\ADX3_DEV_BRANCH\AD3_Release\CMakeFiles\BHTX_AD3_App.dir\Application\Common\sharedPortables
[15] = C:\Shure_SVN_repo\Projects\Blackhawk\BH_TX\BHTX_App\branches\ADX3_DEV_BRANCH\AD3_Release\CMakeFiles\BHTX_AD3_App.dir\Application\Data
[16] = C:\Shure_SVN_repo\Projects\Blackhawk\BH_TX\BHTX_App\branches\ADX3_DEV_BRANCH\AD3_Release\CMakeFiles\BHTX_AD3_App.dir\Application\Data\txShared
[17] = C:\Shure_SVN_repo\Projects\Blackhawk\BH_TX\BHTX_App\branches\ADX3_DEV_BRANCH\AD3_Release\CMakeFiles\BHTX_AD3_App.dir\Application\DmpAddressDefinitions\sharedGeneric
[18] = C:\Shure_SVN_repo\Projects\Blackhawk\BH_TX\BHTX_App\branches\ADX3_DEV_BRANCH\AD3_Release\CMakeFiles\BHTX_AD3_App.dir\Application\EventSrvr\sharedGeneric
[19] = C:\Shure_SVN_repo\Projects\Blackhawk\BH_TX\BHTX_App\branches\ADX3_DEV_BRANCH\AD3_Release\CMakeFiles\BHTX_AD3_App.dir\Application\FMS
[20] = C:\Shure_SVN_repo\Projects\Blackhawk\BH_TX\BHTX_App\branches\ADX3_DEV_BRANCH\AD3_Release\CMakeFiles\BHTX_AD3_App.dir\Application\FreeRTOSImpl
[21] = C:\Shure_SVN_repo\Projects\Blackhawk\BH_TX\BHTX_App\branches\ADX3_DEV_BRANCH\AD3_Release\CMakeFiles\BHTX_AD3_App.dir\Application\FreeRTOSImpl\shared
[22] = C:\Shure_SVN_repo\Projects\Blackhawk\BH_TX\BHTX_App\branches\ADX3_DEV_BRANCH\AD3_Release\CMakeFiles\BHTX_AD3_App.dir\Application\FwUpdate
[23] = C:\Shure_SVN_repo\Projects\Blackhawk\BH_TX\BHTX_App\branches\ADX3_DEV_BRANCH\AD3_Release\CMakeFiles\BHTX_AD3_App.dir\Application\FwUpdate\sharedPortables
[24] = C:\Shure_SVN_repo\Projects\Blackhawk\BH_TX\BHTX_App\branches\ADX3_DEV_BRANCH\AD3_Release\CMakeFiles\BHTX_AD3_App.dir\Application\FwUpdate\sharedSfd\Client
[25] = C:\Shure_SVN_repo\Projects\Blackhawk\BH_TX\BHTX_App\branches\ADX3_DEV_BRANCH\AD3_Release\CMakeFiles\BHTX_AD3_App.dir\Application\LinkedDev
[26] = C:\Shure_SVN_repo\Projects\Blackhawk\BH_TX\BHTX_App\branches\ADX3_DEV_BRANCH\AD3_Release\CMakeFiles\BHTX_AD3_App.dir\Application\Log\shared
[27] = C:\Shure_SVN_repo\Projects\Blackhawk\BH_TX\BHTX_App\branches\ADX3_DEV_BRANCH\AD3_Release\CMakeFiles\BHTX_AD3_App.dir\Application\Log\txShared
[28] = C:\Shure_SVN_repo\Projects\Blackhawk\BH_TX\BHTX_App\branches\ADX3_DEV_BRANCH\AD3_Release\CMakeFiles\BHTX_AD3_App.dir\Application\Network
[29] = C:\Shure_SVN_repo\Projects\Blackhawk\BH_TX\BHTX_App\branches\ADX3_DEV_BRANCH\AD3_Release\CMakeFiles\BHTX_AD3_App.dir\Application\Network\acn_component
[30] = C:\Shure_SVN_repo\Projects\Blackhawk\BH_TX\BHTX_App\branches\ADX3_DEV_BRANCH\AD3_Release\CMakeFiles\BHTX_AD3_App.dir\Application\Network\sharedGeneric
[31] = C:\Shure_SVN_repo\Projects\Blackhawk\BH_TX\BHTX_App\branches\ADX3_DEV_BRANCH\AD3_Release\CMakeFiles\BHTX_AD3_App.dir\Application\Power
[32] = C:\Shure_SVN_repo\Projects\Blackhawk\BH_TX\BHTX_App\branches\ADX3_DEV_BRANCH\AD3_Release\CMakeFiles\BHTX_AD3_App.dir\Application\Power\TxShared
[33] = C:\Shure_SVN_repo\Projects\Blackhawk\BH_TX\BHTX_App\branches\ADX3_DEV_BRANCH\AD3_Release\CMakeFiles\BHTX_AD3_App.dir\Application\RFS
[34] = C:\Shure_SVN_repo\Projects\Blackhawk\BH_TX\BHTX_App\branches\ADX3_DEV_BRANCH\AD3_Release\CMakeFiles\BHTX_AD3_App.dir\Application\RFS\sharedGeneric
[35] = C:\Shure_SVN_repo\Projects\Blackhawk\BH_TX\BHTX_App\branches\ADX3_DEV_BRANCH\AD3_Release\CMakeFiles\BHTX_AD3_App.dir\Application\Radio
[36] = C:\Shure_SVN_repo\Projects\Blackhawk\BH_TX\BHTX_App\branches\ADX3_DEV_BRANCH\AD3_Release\CMakeFiles\BHTX_AD3_App.dir\Application\TxStatus
[37] = C:\Shure_SVN_repo\Projects\Blackhawk\BH_TX\BHTX_App\branches\ADX3_DEV_BRANCH\AD3_Release\CMakeFiles\BHTX_AD3_App.dir\Application\TxStatus\sharedPortables
[38] = C:\Shure_SVN_repo\Projects\Blackhawk\BH_TX\BHTX_App\branches\ADX3_DEV_BRANCH\AD3_Release\CMakeFiles\BHTX_AD3_App.dir\Application\UI
[39] = C:\Shure_SVN_repo\Projects\Blackhawk\BH_TX\BHTX_App\branches\ADX3_DEV_BRANCH\AD3_Release\CMakeFiles\BHTX_AD3_App.dir\Application\UI\config
[40] = C:\Shure_SVN_repo\Projects\Blackhawk\BH_TX\BHTX_App\branches\ADX3_DEV_BRANCH\AD3_Release\CMakeFiles\BHTX_AD3_App.dir\Application\UI\gui
[41] = C:\Shure_SVN_repo\Projects\Blackhawk\BH_TX\BHTX_App\branches\ADX3_DEV_BRANCH\AD3_Release\CMakeFiles\BHTX_AD3_App.dir\Application\UI\gui\mcufont\decoder
[42] = C:\Shure_SVN_repo\Projects\Blackhawk\BH_TX\BHTX_App\branches\ADX3_DEV_BRANCH\AD3_Release\CMakeFiles\BHTX_AD3_App.dir\Application\UI\icons
[43] = C:\Shure_SVN_repo\Projects\Blackhawk\BH_TX\BHTX_App\branches\ADX3_DEV_BRANCH\AD3_Release\CMakeFiles\BHTX_AD3_App.dir\Application\UI\menus
[44] = C:\Shure_SVN_repo\Projects\Blackhawk\BH_TX\BHTX_App\branches\ADX3_DEV_BRANCH\AD3_Release\CMakeFiles\BHTX_AD3_App.dir\Application\UI\widgets
[45] = C:\Shure_SVN_repo\Projects\Blackhawk\BH_TX\BHTX_App\branches\ADX3_DEV_BRANCH\AD3_Release\CMakeFiles\BHTX_AD3_App.dir\Build
[46] = C:\Shure_SVN_repo\Projects\Blackhawk\BH_TX\BHTX_App\branches\ADX3_DEV_BRANCH\AD3_Release\CMakeFiles\always-optimized.dir\KSDK\platform\drivers\src\adc16
[47] = C:\Shure_SVN_repo\Projects\Blackhawk\BH_TX\BHTX_App\branches\ADX3_DEV_BRANCH\AD3_Release\CMakeFiles\always-optimized.dir\KSDK\platform\drivers\src\cmp
[48] = C:\Shure_SVN_repo\Projects\Blackhawk\BH_TX\BHTX_App\branches\ADX3_DEV_BRANCH\AD3_Release\CMakeFiles\always-optimized.dir\KSDK\platform\drivers\src\crc
[49] = C:\Shure_SVN_repo\Projects\Blackhawk\BH_TX\BHTX_App\branches\ADX3_DEV_BRANCH\AD3_Release\CMakeFiles\always-optimized.dir\KSDK\platform\drivers\src\dspi
[50] = C:\Shure_SVN_repo\Projects\Blackhawk\BH_TX\BHTX_App\branches\ADX3_DEV_BRANCH\AD3_Release\CMakeFiles\always-optimized.dir\KSDK\platform\drivers\src\edma
[51] = C:\Shure_SVN_repo\Projects\Blackhawk\BH_TX\BHTX_App\branches\ADX3_DEV_BRANCH\AD3_Release\CMakeFiles\always-optimized.dir\KSDK\platform\drivers\src\ewm
[52] = C:\Shure_SVN_repo\Projects\Blackhawk\BH_TX\BHTX_App\branches\ADX3_DEV_BRANCH\AD3_Release\CMakeFiles\always-optimized.dir\KSDK\platform\drivers\src\ftm
[53] = C:\Shure_SVN_repo\Projects\Blackhawk\BH_TX\BHTX_App\branches\ADX3_DEV_BRANCH\AD3_Release\CMakeFiles\always-optimized.dir\KSDK\platform\drivers\src\gpio
[54] = C:\Shure_SVN_repo\Projects\Blackhawk\BH_TX\BHTX_App\branches\ADX3_DEV_BRANCH\AD3_Release\CMakeFiles\always-optimized.dir\KSDK\platform\drivers\src\i2c
[55] = C:\Shure_SVN_repo\Projects\Blackhawk\BH_TX\BHTX_App\branches\ADX3_DEV_BRANCH\AD3_Release\CMakeFiles\always-optimized.dir\KSDK\platform\drivers\src\lptmr
[56] = C:\Shure_SVN_repo\Projects\Blackhawk\BH_TX\BHTX_App\branches\ADX3_DEV_BRANCH\AD3_Release\CMakeFiles\always-optimized.dir\KSDK\platform\drivers\src\pdb
[57] = C:\Shure_SVN_repo\Projects\Blackhawk\BH_TX\BHTX_App\branches\ADX3_DEV_BRANCH\AD3_Release\CMakeFiles\always-optimized.dir\KSDK\platform\drivers\src\pit
[58] = C:\Shure_SVN_repo\Projects\Blackhawk\BH_TX\BHTX_App\branches\ADX3_DEV_BRANCH\AD3_Release\CMakeFiles\always-optimized.dir\KSDK\platform\drivers\src\rnga
[59] = C:\Shure_SVN_repo\Projects\Blackhawk\BH_TX\BHTX_App\branches\ADX3_DEV_BRANCH\AD3_Release\CMakeFiles\always-optimized.dir\KSDK\platform\drivers\src\rtc
[60] = C:\Shure_SVN_repo\Projects\Blackhawk\BH_TX\BHTX_App\branches\ADX3_DEV_BRANCH\AD3_Release\CMakeFiles\always-optimized.dir\KSDK\platform\drivers\src\sai
[61] = C:\Shure_SVN_repo\Projects\Blackhawk\BH_TX\BHTX_App\branches\ADX3_DEV_BRANCH\AD3_Release\CMakeFiles\always-optimized.dir\KSDK\platform\drivers\src\uart
[62] = C:\Shure_SVN_repo\Projects\Blackhawk\BH_TX\BHTX_App\branches\ADX3_DEV_BRANCH\AD3_Release\CMakeFiles\always-optimized.dir\KSDK\platform\drivers\src\wdog
[63] = C:\Shure_SVN_repo\Projects\Blackhawk\BH_TX\BHTX_App\branches\ADX3_DEV_BRANCH\AD3_Release\CMakeFiles\always-optimized.dir\KSDK\platform\hal\src\adc16
[64] = C:\Shure_SVN_repo\Projects\Blackhawk\BH_TX\BHTX_App\branches\ADX3_DEV_BRANCH\AD3_Release\CMakeFiles\always-optimized.dir\KSDK\platform\hal\src\cmp
[65] = C:\Shure_SVN_repo\Projects\Blackhawk\BH_TX\BHTX_App\branches\ADX3_DEV_BRANCH\AD3_Release\CMakeFiles\always-optimized.dir\KSDK\platform\hal\src\crc
[66] = C:\Shure_SVN_repo\Projects\Blackhawk\BH_TX\BHTX_App\branches\ADX3_DEV_BRANCH\AD3_Release\CMakeFiles\always-optimized.dir\KSDK\platform\hal\src\dmamux
[67] = C:\Shure_SVN_repo\Projects\Blackhawk\BH_TX\BHTX_App\branches\ADX3_DEV_BRANCH\AD3_Release\CMakeFiles\always-optimized.dir\KSDK\platform\hal\src\dspi
[68] = C:\Shure_SVN_repo\Projects\Blackhawk\BH_TX\BHTX_App\branches\ADX3_DEV_BRANCH\AD3_Release\CMakeFiles\always-optimized.dir\KSDK\platform\hal\src\edma
[69] = C:\Shure_SVN_repo\Projects\Blackhawk\BH_TX\BHTX_App\branches\ADX3_DEV_BRANCH\AD3_Release\CMakeFiles\always-optimized.dir\KSDK\platform\hal\src\ewm
[70] = C:\Shure_SVN_repo\Projects\Blackhawk\BH_TX\BHTX_App\branches\ADX3_DEV_BRANCH\AD3_Release\CMakeFiles\always-optimized.dir\KSDK\platform\hal\src\ftm
[71] = C:\Shure_SVN_repo\Projects\Blackhawk\BH_TX\BHTX_App\branches\ADX3_DEV_BRANCH\AD3_Release\CMakeFiles\always-optimized.dir\KSDK\platform\hal\src\gpio
[72] = C:\Shure_SVN_repo\Projects\Blackhawk\BH_TX\BHTX_App\branches\ADX3_DEV_BRANCH\AD3_Release\CMakeFiles\always-optimized.dir\KSDK\platform\hal\src\i2c
[73] = C:\Shure_SVN_repo\Projects\Blackhawk\BH_TX\BHTX_App\branches\ADX3_DEV_BRANCH\AD3_Release\CMakeFiles\always-optimized.dir\KSDK\platform\hal\src\llwu
[74] = C:\Shure_SVN_repo\Projects\Blackhawk\BH_TX\BHTX_App\branches\ADX3_DEV_BRANCH\AD3_Release\CMakeFiles\always-optimized.dir\KSDK\platform\hal\src\lptmr
[75] = C:\Shure_SVN_repo\Projects\Blackhawk\BH_TX\BHTX_App\branches\ADX3_DEV_BRANCH\AD3_Release\CMakeFiles\always-optimized.dir\KSDK\platform\hal\src\mcg
[76] = C:\Shure_SVN_repo\Projects\Blackhawk\BH_TX\BHTX_App\branches\ADX3_DEV_BRANCH\AD3_Release\CMakeFiles\always-optimized.dir\KSDK\platform\hal\src\osc
[77] = C:\Shure_SVN_repo\Projects\Blackhawk\BH_TX\BHTX_App\branches\ADX3_DEV_BRANCH\AD3_Release\CMakeFiles\always-optimized.dir\KSDK\platform\hal\src\pdb
[78] = C:\Shure_SVN_repo\Projects\Blackhawk\BH_TX\BHTX_App\branches\ADX3_DEV_BRANCH\AD3_Release\CMakeFiles\always-optimized.dir\KSDK\platform\hal\src\pit
[79] = C:\Shure_SVN_repo\Projects\Blackhawk\BH_TX\BHTX_App\branches\ADX3_DEV_BRANCH\AD3_Release\CMakeFiles\always-optimized.dir\KSDK\platform\hal\src\port
[80] = C:\Shure_SVN_repo\Projects\Blackhawk\BH_TX\BHTX_App\branches\ADX3_DEV_BRANCH\AD3_Release\CMakeFiles\always-optimized.dir\KSDK\platform\hal\src\rcm
[81] = C:\Shure_SVN_repo\Projects\Blackhawk\BH_TX\BHTX_App\branches\ADX3_DEV_BRANCH\AD3_Release\CMakeFiles\always-optimized.dir\KSDK\platform\hal\src\rnga
[82] = C:\Shure_SVN_repo\Projects\Blackhawk\BH_TX\BHTX_App\branches\ADX3_DEV_BRANCH\AD3_Release\CMakeFiles\always-optimized.dir\KSDK\platform\hal\src\rtc
[83] = C:\Shure_SVN_repo\Projects\Blackhawk\BH_TX\BHTX_App\branches\ADX3_DEV_BRANCH\AD3_Release\CMakeFiles\always-optimized.dir\KSDK\platform\hal\src\sai
[84] = C:\Shure_SVN_repo\Projects\Blackhawk\BH_TX\BHTX_App\branches\ADX3_DEV_BRANCH\AD3_Release\CMakeFiles\always-optimized.dir\KSDK\platform\hal\src\sim\MKW21D5
[85] = C:\Shure_SVN_repo\Projects\Blackhawk\BH_TX\BHTX_App\branches\ADX3_DEV_BRANCH\AD3_Release\CMakeFiles\always-optimized.dir\KSDK\platform\hal\src\smc
[86] = C:\Shure_SVN_repo\Projects\Blackhawk\BH_TX\BHTX_App\branches\ADX3_DEV_BRANCH\AD3_Release\CMakeFiles\always-optimized.dir\KSDK\platform\hal\src\uart
[87] = C:\Shure_SVN_repo\Projects\Blackhawk\BH_TX\BHTX_App\branches\ADX3_DEV_BRANCH\AD3_Release\CMakeFiles\always-optimized.dir\KSDK\platform\hal\src\wdog
[88] = C:\Shure_SVN_repo\Projects\Blackhawk\BH_TX\BHTX_App\branches\ADX3_DEV_BRANCH\AD3_Release\CMakeFiles\always-optimized.dir\KSDK\platform\osa\src
[89] = C:\Shure_SVN_repo\Projects\Blackhawk\BH_TX\BHTX_App\branches\ADX3_DEV_BRANCH\AD3_Release\CMakeFiles\always-optimized.dir\KSDK\platform\system\src\clock
[90] = C:\Shure_SVN_repo\Projects\Blackhawk\BH_TX\BHTX_App\branches\ADX3_DEV_BRANCH\AD3_Release\CMakeFiles\always-optimized.dir\KSDK\platform\system\src\clock\MKW21D5
[91] = C:\Shure_SVN_repo\Projects\Blackhawk\BH_TX\BHTX_App\branches\ADX3_DEV_BRANCH\AD3_Release\CMakeFiles\always-optimized.dir\KSDK\platform\system\src\hwtimer
[92] = C:\Shure_SVN_repo\Projects\Blackhawk\BH_TX\BHTX_App\branches\ADX3_DEV_BRANCH\AD3_Release\CMakeFiles\always-optimized.dir\KSDK\platform\system\src\interrupt
[93] = C:\Shure_SVN_repo\Projects\Blackhawk\BH_TX\BHTX_App\branches\ADX3_DEV_BRANCH\AD3_Release\CMakeFiles\always-optimized.dir\KSDK\platform\system\src\power
[94] = C:\Shure_SVN_repo\Projects\Blackhawk\BH_TX\BHTX_App\branches\ADX3_DEV_BRANCH\AD3_Release\CMakeFiles\always-optimized.dir\OpenRTOS
[95] = C:\Shure_SVN_repo\Projects\Blackhawk\BH_TX\BHTX_App\branches\ADX3_DEV_BRANCH\AD3_Release\CMakeFiles\always-optimized.dir\OpenRTOS\portable\IAR\ARM_CM3
[96] = C:\Shure_SVN_repo\Projects\Blackhawk\BH_TX\BHTX_App\branches\ADX3_DEV_BRANCH\AD3_Release\CMakeFiles\always-optimized.dir\OpenRTOS\portable\MemMang
[97] = C:\Shure_SVN_repo\Projects\Blackhawk\BH_TX\BHTX_App\branches\ADX3_DEV_BRANCH\AD3_Release\CMakeFiles\asm.dir\Application\BSP\kw20Platform
[98] = C:\Shure_SVN_repo\Projects\Blackhawk\BH_TX\BHTX_App\branches\ADX3_DEV_BRANCH\AD3_Release\CMakeFiles\asm.dir\OpenRTOS\portable\IAR\ARM_CM3
[99] = command line
[100] = BeeStackZedNs_M4.a
[101] = Freescale_802.15.4_MAC_ZP_M4_IAR.a
[102] = dl7M_tln.a
[103] = dlpp7M_tl_nc.a
[104] = lib_crypto_IAR_M4.a
[105] = lib_mmcau.a
[106] = m7M_tl.a
[107] = rt7M_tl.a
[108] = wdlzigbeeed.a

  297 518 bytes of readonly  code memory
       44 bytes of readwrite code memory
   49 302 bytes of readonly  data memory
   54 026 bytes of readwrite data memory

Errors: none
Warnings: none
